Archive member included to satisfy reference by file (symbol)

D:/arm32-none-none-gnueabi-toolchain/arm-gnu-toolchain-15.2.rel1-mingw-w64-x86_64-arm-none-eabi/bin/../lib/gcc/arm-none-eabi/15.2.1/../../../../arm-none-eabi/lib/thumb/v7-m/nofp\libstdc++_nano.a(del_op.o)
                              CMakeFiles/singal_generate.dir/MiddleWare/class/Src/oled.cpp.obj (operator delete(void*))
D:/arm32-none-none-gnueabi-toolchain/arm-gnu-toolchain-15.2.rel1-mingw-w64-x86_64-arm-none-eabi/bin/../lib/gcc/arm-none-eabi/15.2.1/../../../../arm-none-eabi/lib/thumb/v7-m/nofp\libstdc++_nano.a(new_op.o)
                              CMakeFiles/singal_generate.dir/MiddleWare/class/Src/oled.cpp.obj (operator new(unsigned int))
D:/arm32-none-none-gnueabi-toolchain/arm-gnu-toolchain-15.2.rel1-mingw-w64-x86_64-arm-none-eabi/bin/../lib/gcc/arm-none-eabi/15.2.1/../../../../arm-none-eabi/lib/thumb/v7-m/nofp\libstdc++_nano.a(assert_fail.o)
                              CMakeFiles/singal_generate.dir/MiddleWare/class/Src/oled.cpp.obj (std::__glibcxx_assert_fail(char const*, int, char const*, char const*))
D:/arm32-none-none-gnueabi-toolchain/arm-gnu-toolchain-15.2.rel1-mingw-w64-x86_64-arm-none-eabi/bin/../lib/gcc/arm-none-eabi/15.2.1/../../../../arm-none-eabi/lib/thumb/v7-m/nofp\libstdc++_nano.a(functexcept.o)
                              CMakeFiles/singal_generate.dir/MiddleWare/class/Src/oled.cpp.obj (std::__throw_bad_alloc())
D:/arm32-none-none-gnueabi-toolchain/arm-gnu-toolchain-15.2.rel1-mingw-w64-x86_64-arm-none-eabi/bin/../lib/gcc/arm-none-eabi/15.2.1/../../../../arm-none-eabi/lib/thumb/v7-m/nofp\libstdc++_nano.a(new_handler.o)
                              D:/arm32-none-none-gnueabi-toolchain/arm-gnu-toolchain-15.2.rel1-mingw-w64-x86_64-arm-none-eabi/bin/../lib/gcc/arm-none-eabi/15.2.1/../../../../arm-none-eabi/lib/thumb/v7-m/nofp\libstdc++_nano.a(new_op.o) (std::get_new_handler())
D:/arm32-none-none-gnueabi-toolchain/arm-gnu-toolchain-15.2.rel1-mingw-w64-x86_64-arm-none-eabi/bin/../lib/gcc/arm-none-eabi/15.2.1/../../../../arm-none-eabi/lib/thumb/v7-m/nofp\libm.a(libm_a-s_sin.o)
                              CMakeFiles/singal_generate.dir/Core/Src/main.c.obj (sin)
D:/arm32-none-none-gnueabi-toolchain/arm-gnu-toolchain-15.2.rel1-mingw-w64-x86_64-arm-none-eabi/bin/../lib/gcc/arm-none-eabi/15.2.1/../../../../arm-none-eabi/lib/thumb/v7-m/nofp\libm.a(libm_a-k_cos.o)
                              D:/arm32-none-none-gnueabi-toolchain/arm-gnu-toolchain-15.2.rel1-mingw-w64-x86_64-arm-none-eabi/bin/../lib/gcc/arm-none-eabi/15.2.1/../../../../arm-none-eabi/lib/thumb/v7-m/nofp\libm.a(libm_a-s_sin.o) (__kernel_cos)
D:/arm32-none-none-gnueabi-toolchain/arm-gnu-toolchain-15.2.rel1-mingw-w64-x86_64-arm-none-eabi/bin/../lib/gcc/arm-none-eabi/15.2.1/../../../../arm-none-eabi/lib/thumb/v7-m/nofp\libm.a(libm_a-k_sin.o)
                              D:/arm32-none-none-gnueabi-toolchain/arm-gnu-toolchain-15.2.rel1-mingw-w64-x86_64-arm-none-eabi/bin/../lib/gcc/arm-none-eabi/15.2.1/../../../../arm-none-eabi/lib/thumb/v7-m/nofp\libm.a(libm_a-s_sin.o) (__kernel_sin)
D:/arm32-none-none-gnueabi-toolchain/arm-gnu-toolchain-15.2.rel1-mingw-w64-x86_64-arm-none-eabi/bin/../lib/gcc/arm-none-eabi/15.2.1/../../../../arm-none-eabi/lib/thumb/v7-m/nofp\libm.a(libm_a-e_rem_pio2.o)
                              D:/arm32-none-none-gnueabi-toolchain/arm-gnu-toolchain-15.2.rel1-mingw-w64-x86_64-arm-none-eabi/bin/../lib/gcc/arm-none-eabi/15.2.1/../../../../arm-none-eabi/lib/thumb/v7-m/nofp\libm.a(libm_a-s_sin.o) (__ieee754_rem_pio2)
D:/arm32-none-none-gnueabi-toolchain/arm-gnu-toolchain-15.2.rel1-mingw-w64-x86_64-arm-none-eabi/bin/../lib/gcc/arm-none-eabi/15.2.1/../../../../arm-none-eabi/lib/thumb/v7-m/nofp\libm.a(libm_a-s_fabs.o)
                              D:/arm32-none-none-gnueabi-toolchain/arm-gnu-toolchain-15.2.rel1-mingw-w64-x86_64-arm-none-eabi/bin/../lib/gcc/arm-none-eabi/15.2.1/../../../../arm-none-eabi/lib/thumb/v7-m/nofp\libm.a(libm_a-e_rem_pio2.o) (fabs)
D:/arm32-none-none-gnueabi-toolchain/arm-gnu-toolchain-15.2.rel1-mingw-w64-x86_64-arm-none-eabi/bin/../lib/gcc/arm-none-eabi/15.2.1/../../../../arm-none-eabi/lib/thumb/v7-m/nofp\libm.a(libm_a-k_rem_pio2.o)
                              D:/arm32-none-none-gnueabi-toolchain/arm-gnu-toolchain-15.2.rel1-mingw-w64-x86_64-arm-none-eabi/bin/../lib/gcc/arm-none-eabi/15.2.1/../../../../arm-none-eabi/lib/thumb/v7-m/nofp\libm.a(libm_a-e_rem_pio2.o) (__kernel_rem_pio2)
D:/arm32-none-none-gnueabi-toolchain/arm-gnu-toolchain-15.2.rel1-mingw-w64-x86_64-arm-none-eabi/bin/../lib/gcc/arm-none-eabi/15.2.1/../../../../arm-none-eabi/lib/thumb/v7-m/nofp\libm.a(libm_a-s_scalbn.o)
                              D:/arm32-none-none-gnueabi-toolchain/arm-gnu-toolchain-15.2.rel1-mingw-w64-x86_64-arm-none-eabi/bin/../lib/gcc/arm-none-eabi/15.2.1/../../../../arm-none-eabi/lib/thumb/v7-m/nofp\libm.a(libm_a-k_rem_pio2.o) (scalbn)
[...]
Memory Configuration

Name             Origin             Length             Attributes
RAM              0x20000000         0x00010000         xrw
FLASH            0x08000000         0x00080000         xr
*default*        0x00000000         0xffffffff

Linker script and memory map

LOAD D:/arm32-none-none-gnueabi-toolchain/arm-gnu-toolchain-15.2.rel1-mingw-w64-x86_64-arm-none-eabi/bin/../lib/gcc/arm-none-eabi/15.2.1/thumb/v7-m/nofp/crti.o
LOAD D:/arm32-none-none-gnueabi-toolchain/arm-gnu-toolchain-15.2.rel1-mingw-w64-x86_64-arm-none-eabi/bin/../lib/gcc/arm-none-eabi/15.2.1/thumb/v7-m/nofp/crtbegin.o
LOAD D:/arm32-none-none-gnueabi-toolchain/arm-gnu-toolchain-15.2.rel1-mingw-w64-x86_64-arm-none-eabi/bin/../lib/gcc/arm-none-eabi/15.2.1/../../../../arm-none-eabi/lib/thumb/v7-m/nofp/crt0.o
LOAD cmake/stm32cubemx/CMakeFiles/STM32_Drivers.dir/__/__/Core/Src/system_stm32f1xx.c.obj
LOAD cmake/stm32cubemx/CMakeFiles/STM32_Drivers.dir/__/__/Drivers/STM32F1xx_HAL_Driver/Src/stm32f1xx_hal_gpio_ex.c.obj
LOAD cmake/stm32cubemx/CMakeFiles/STM32_Drivers.dir/__/__/Drivers/STM32F1xx_HAL_Driver/Src/stm32f1xx_hal_tim.c.obj
LOAD cmake/stm32cubemx/CMakeFiles/STM32_Drivers.dir/__/__/Drivers/STM32F1xx_HAL_Driver/Src/stm32f1xx_hal_tim_ex.c.obj
LOAD cmake/stm32cubemx/CMakeFiles/STM32_Drivers.dir/__/__/Drivers/STM32F1xx_HAL_Driver/Src/stm32f1xx_hal_adc.c.obj
LOAD cmake/stm32cubemx/CMakeFiles/STM32_Drivers.dir/__/__/Drivers/STM32F1xx_HAL_Driver/Src/stm32f1xx_hal_adc_ex.c.obj
LOAD cmake/stm32cubemx/CMakeFiles/STM32_Drivers.dir/__/__/Drivers/STM32F1xx_HAL_Driver/Src/stm32f1xx_hal.c.obj
LOAD cmake/stm32cubemx/CMakeFiles/STM32_Drivers.dir/__/__/Drivers/STM32F1xx_HAL_Driver/Src/stm32f1xx_hal_rcc.c.obj
LOAD cmake/stm32cubemx/CMakeFiles/STM32_Drivers.dir/__/__/Drivers/STM32F1xx_HAL_Driver/Src/stm32f1xx_hal_rcc_ex.c.obj
LOAD cmake/stm32cubemx/CMakeFiles/STM32_Drivers.dir/__/__/Drivers/STM32F1xx_HAL_Driver/Src/stm32f1xx_hal_gpio.c.obj
LOAD cmake/stm32cubemx/CMakeFiles/STM32_Drivers.dir/__/__/Drivers/STM32F1xx_HAL_Driver/Src/stm32f1xx_hal_dma.c.obj
LOAD cmake/stm32cubemx/CMakeFiles/STM32_Drivers.dir/__/__/Drivers/STM32F1xx_HAL_Driver/Src/stm32f1xx_hal_cortex.c.obj
LOAD cmake/stm32cubemx/CMakeFiles/STM32_Drivers.dir/__/__/Drivers/STM32F1xx_HAL_Driver/Src/stm32f1xx_hal_pwr.c.obj
LOAD cmake/stm32cubemx/CMakeFiles/STM32_Drivers.dir/__/__/Drivers/STM32F1xx_HAL_Driver/Src/stm32f1xx_hal_flash.c.obj
LOAD cmake/stm32cubemx/CMakeFiles/STM32_Drivers.dir/__/__/Drivers/STM32F1xx_HAL_Driver/Src/stm32f1xx_hal_flash_ex.c.obj
LOAD cmake/stm32cubemx/CMakeFiles/STM32_Drivers.dir/__/__/Drivers/STM32F1xx_HAL_Driver/Src/stm32f1xx_hal_exti.c.obj
LOAD cmake/stm32cubemx/CMakeFiles/STM32_Drivers.dir/__/__/Drivers/STM32F1xx_HAL_Driver/Src/stm32f1xx_hal_dac.c.obj
LOAD cmake/stm32cubemx/CMakeFiles/STM32_Drivers.dir/__/__/Drivers/STM32F1xx_HAL_Driver/Src/stm32f1xx_hal_dac_ex.c.obj
LOAD cmake/stm32cubemx/CMakeFiles/STM32_Drivers.dir/__/__/Drivers/STM32F1xx_HAL_Driver/Src/stm32f1xx_hal_uart.c.obj
LOAD CMakeFiles/singal_generate.dir/Core/Src/main.c.obj
LOAD CMakeFiles/singal_generate.dir/Core/Src/gpio.c.obj
LOAD CMakeFiles/singal_generate.dir/Core/Src/adc.c.obj
LOAD CMakeFiles/singal_generate.dir/Core/Src/dac.c.obj
LOAD CMakeFiles/singal_generate.dir/Core/Src/dma.c.obj
LOAD CMakeFiles/singal_generate.dir/Core/Src/tim.c.obj
LOAD CMakeFiles/singal_generate.dir/Core/Src/usart.c.obj
LOAD CMakeFiles/singal_generate.dir/Core/Src/stm32f1xx_it.c.obj
LOAD CMakeFiles/singal_generate.dir/Core/Src/stm32f1xx_hal_msp.c.obj
LOAD CMakeFiles/singal_generate.dir/Core/Src/stm32f1xx_hal_timebase_tim.c.obj
LOAD CMakeFiles/singal_generate.dir/Core/Src/sysmem.c.obj
LOAD CMakeFiles/singal_generate.dir/Core/Src/syscalls.c.obj
LOAD CMakeFiles/singal_generate.dir/startup_stm32f103xe.s.obj
LOAD CMakeFiles/singal_generate.dir/MiddleWare/FreeRTOS/Src/croutine.c.obj
LOAD CMakeFiles/singal_generate.dir/MiddleWare/FreeRTOS/Src/event_groups.c.obj
LOAD CMakeFiles/singal_generate.dir/MiddleWare/FreeRTOS/Src/list.c.obj
LOAD CMakeFiles/singal_generate.dir/MiddleWare/FreeRTOS/Src/queue.c.obj
LOAD CMakeFiles/singal_generate.dir/MiddleWare/FreeRTOS/Src/stream_buffer.c.obj
LOAD CMakeFiles/singal_generate.dir/MiddleWare/FreeRTOS/Src/tasks.c.obj
LOAD CMakeFiles/singal_generate.dir/MiddleWare/FreeRTOS/Src/timers.c.obj
LOAD CMakeFiles/singal_generate.dir/MiddleWare/FreeRTOS/Portable/port.c.obj
LOAD CMakeFiles/singal_generate.dir/MiddleWare/FreeRTOS/Portable/heap_4.c.obj
LOAD CMakeFiles/singal_generate.dir/MiddleWare/class/Src/led.cpp.obj
LOAD CMakeFiles/singal_generate.dir/MiddleWare/class/Src/oled.cpp.obj
LOAD CMakeFiles/singal_generate.dir/MiddleWare/soft_drive/Src/i2c.cpp.obj
LOAD CMakeFiles/singal_generate.dir/Application/Src/App_task.cpp.obj
LOAD D:/arm32-none-none-gnueabi-toolchain/arm-gnu-toolchain-15.2.rel1-mingw-w64-x86_64-arm-none-eabi/bin/../lib/gcc/arm-none-eabi/15.2.1/../../../../arm-none-eabi/lib/thumb/v7-m/nofp\libstdc++_nano.a
LOAD D:/arm32-none-none-gnueabi-toolchain/arm-gnu-toolchain-15.2.rel1-mingw-w64-x86_64-arm-none-eabi/bin/../lib/gcc/arm-none-eabi/15.2.1/../../../../arm-none-eabi/lib/thumb/v7-m/nofp\libm.a
START GROUP
LOAD D:/arm32-none-none-gnueabi-toolchain/arm-gnu-toolchain-15.2.rel1-mingw-w64-x86_64-arm-none-eabi/bin/../lib/gcc/arm-none-eabi/15.2.1/thumb/v7-m/nofp\libgcc.a
LOAD D:/arm32-none-none-gnueabi-toolchain/arm-gnu-toolchain-15.2.rel1-mingw-w64-x86_64-arm-none-eabi/bin/../lib/gcc/arm-none-eabi/15.2.1/../../../../arm-none-eabi/lib/thumb/v7-m/nofp\libg_nano.a
LOAD D:/arm32-none-none-gnueabi-toolchain/arm-gnu-toolchain-15.2.rel1-mingw-w64-x86_64-arm-none-eabi/bin/../lib/gcc/arm-none-eabi/15.2.1/../../../../arm-none-eabi/lib/thumb/v7-m/nofp\libc_nano.a
END GROUP
START GROUP
LOAD D:/arm32-none-none-gnueabi-toolchain/arm-gnu-toolchain-15.2.rel1-mingw-w64-x86_64-arm-none-eabi/bin/../lib/gcc/arm-none-eabi/15.2.1/thumb/v7-m/nofp\libgcc.a
LOAD D:/arm32-none-none-gnueabi-toolchain/arm-gnu-toolchain-15.2.rel1-mingw-w64-x86_64-arm-none-eabi/bin/../lib/gcc/arm-none-eabi/15.2.1/../../../../arm-none-eabi/lib/thumb/v7-m/nofp\libc_nano.a
END GROUP
LOAD D:/arm32-none-none-gnueabi-toolchain/arm-gnu-toolchain-15.2.rel1-mingw-w64-x86_64-arm-none-eabi/bin/../lib/gcc/arm-none-eabi/15.2.1/thumb/v7-m/nofp/crtend.o
LOAD D:/arm32-none-none-gnueabi-toolchain/arm-gnu-toolchain-15.2.rel1-mingw-w64-x86_64-arm-none-eabi/bin/../lib/gcc/arm-none-eabi/15.2.1/thumb/v7-m/nofp/crtn.o
                0x20010000                        _estack = (ORIGIN (RAM) + LENGTH (RAM))
                0x2000fc00                        _sstack = (_estack - _Min_Stack_Size)
                0x00000200                        _Min_Heap_Size = 0x200
                0x00000400                        _Min_Stack_Size = 0x400

.isr_vector     0x08000000      0x1e4
                0x08000000                        . = ALIGN (0x4)
 *(.isr_vector)
 .isr_vector    0x08000000      0x1e4 CMakeFiles/singal_generate.dir/startup_stm32f103xe.s.obj
                0x08000000                g_pfnVectors
                0x080001e4                        . = ALIGN (0x4)

.text           0x080001f0     0x8900
                0x080001f0                        . = ALIGN (0x4)
 *(.text)
 .text          0x080001f0      0x168 D:/arm32-none-none-gnueabi-toolchain/arm-gnu-toolchain-15.2.rel1-mingw-w64-x86_64-arm-none-eabi/bin/../lib/gcc/arm-none-eabi/15.2.1/thumb/v7-m/nofp\libgcc.a(_arm_mulsf3.o)
                0x080001f0                __aeabi_fmul
                0x080001f0                __mulsf3
 .text          0x08000358      0x378 D:/arm32-none-none-gnueabi-toolchain/arm-gnu-toolchain-15.2.rel1-mingw-w64-x86_64-arm-none-eabi/bin/../lib/gcc/arm-none-eabi/15.2.1/thumb/v7-m/nofp\libgcc.a(_arm_addsubdf3.o)
                0x08000358                __aeabi_drsub
                0x08000360                __aeabi_dsub
                0x08000360                __subdf3
                0x08000364                __aeabi_dadd
                0x08000364                __adddf3
                0x080005dc                __floatunsidf
                0x080005dc                __aeabi_ui2d
                0x080005fc                __floatsidf
                0x080005fc                __aeabi_i2d
                0x08000620                __aeabi_f2d
                0x08000620                __extendsfdf2
                0x08000664                __floatundidf
                0x08000664                __aeabi_ul2d
                0x08000674                __floatdidf
                0x08000674                __aeabi_l2d
 .text          0x080006d0      0x424 D:/arm32-none-none-gnueabi-toolchain/arm-gnu-toolchain-15.2.rel1-mingw-w64-x86_64-arm-none-eabi/bin/../lib/gcc/arm-none-eabi/15.2.1/thumb/v7-m/nofp\libgcc.a(_arm_muldivdf3.o)
                0x080006d0                __aeabi_dmul
                0x080006d0                __muldf3
                0x08000924                __divdf3
                0x08000924                __aeabi_ddiv
 .text          0x08000af4      0x110 D:/arm32-none-none-gnueabi-toolchain/arm-gnu-toolchain-15.2.rel1-mingw-w64-x86_64-arm-none-eabi/bin/../lib/gcc/arm-none-eabi/15.2.1/thumb/v7-m/nofp\libgcc.a(_arm_cmpdf2.o)
                0x08000af4                __gtdf2
                0x08000af4                __gedf2
                0x08000afc                __ltdf2
                0x08000afc                __ledf2
                0x08000b04                __nedf2
                0x08000b04                __eqdf2
                0x08000b04                __cmpdf2
                0x08000b80                __aeabi_cdrcmple
                0x08000b90                __aeabi_cdcmpeq
                0x08000b90                __aeabi_cdcmple
                0x08000ba0                __aeabi_dcmpeq
                0x08000bb4                __aeabi_dcmplt
                0x08000bc8                __aeabi_dcmple
                0x08000bdc                __aeabi_dcmpge
                0x08000bf0                __aeabi_dcmpgt
 .text          0x08000c04       0x50 D:/arm32-none-none-gnueabi-toolchain/arm-gnu-toolchain-15.2.rel1-mingw-w64-x86_64-arm-none-eabi/bin/../lib/gcc/arm-none-eabi/15.2.1/thumb/v7-m/nofp\libgcc.a(_arm_fixdfsi.o)
                0x08000c04                __aeabi_d2iz
                0x08000c04                __fixdfsi
 .text          0x08000c54       0xa0 D:/arm32-none-none-gnueabi-toolchain/arm-gnu-toolchain-15.2.rel1-mingw-w64-x86_64-arm-none-eabi/bin/../lib/gcc/arm-none-eabi/15.2.1/thumb/v7-m/nofp\libgcc.a(_arm_truncdfsf2.o)
                0x08000c54                __truncdfsf2
                0x08000c54                __aeabi_d2f
 .text          0x08000cf4      0x21c D:/arm32-none-none-gnueabi-toolchain/arm-gnu-toolchain-15.2.rel1-mingw-w64-x86_64-arm-none-eabi/bin/../lib/gcc/arm-none-eabi/15.2.1/thumb/v7-m/nofp\libgcc.a(_arm_addsubsf3.o)
                0x08000cf4                __aeabi_frsub
                0x08000cfc                __subsf3
                0x08000cfc                __aeabi_fsub
                0x08000d00                __aeabi_fadd
                0x08000d00                __addsf3
                0x08000e60                __aeabi_ui2f
                0x08000e60                __floatunsisf
                0x08000e68                __aeabi_i2f
                0x08000e68                __floatsisf
                0x08000e84                __aeabi_ul2f
                0x08000e84                __floatundisf
                0x08000e94                __aeabi_l2f
                0x08000e94                __floatdisf
 .text          0x08000f10       0x40 D:/arm32-none-none-gnueabi-toolchain/arm-gnu-toolchain-15.2.rel1-mingw-w64-x86_64-arm-none-eabi/bin/../lib/gcc/arm-none-eabi/15.2.1/thumb/v7-m/nofp\libgcc.a(_arm_fixunssfsi.o)
                0x08000f10                __fixunssfsi
                0x08000f10                __aeabi_f2uiz
 *(.text*)
 .text.deregister_tm_clones
                0x08000f50       0x1c D:/arm32-none-none-gnueabi-toolchain/arm-gnu-toolchain-15.2.rel1-mingw-w64-x86_64-arm-none-eabi/bin/../lib/gcc/arm-none-eabi/15.2.1/thumb/v7-m/nofp/crtbegin.o
 .text.register_tm_clones
                0x08000f6c       0x24 D:/arm32-none-none-gnueabi-toolchain/arm-gnu-toolchain-15.2.rel1-mingw-w64-x86_64-arm-none-eabi/bin/../lib/gcc/arm-none-eabi/15.2.1/thumb/v7-m/nofp/crtbegin.o
 .text.__do_global_dtors_aux
                0x08000f90       0x28 D:/arm32-none-none-gnueabi-toolchain/arm-gnu-toolchain-15.2.rel1-mingw-w64-x86_64-arm-none-eabi/bin/../lib/gcc/arm-none-eabi/15.2.1/thumb/v7-m/nofp/crtbegin.o
 .text.frame_dummy
                0x08000fb8       0x24 D:/arm32-none-none-gnueabi-toolchain/arm-gnu-toolchain-15.2.rel1-mingw-w64-x86_64-arm-none-eabi/bin/../lib/gcc/arm-none-eabi/15.2.1/thumb/v7-m/nofp/crtbegin.o
 .text.SystemInit
                0x08000fdc        0xc cmake/stm32cubemx/CMakeFiles/STM32_Drivers.dir/__/__/Core/Src/system_stm32f1xx.c.obj
                0x08000fdc                SystemInit
 .text.HAL_TIM_Base_Init
                0x08000fe8       0x9e cmake/stm32cubemx/CMakeFiles/STM32_Drivers.dir/__/__/Drivers/STM32F1xx_HAL_Driver/Src/stm32f1xx_hal_tim.c.obj
                0x08000fe8                HAL_TIM_Base_Init
 *fill*         0x08001086        0x2 
 .text.HAL_TIM_Base_Start
                0x08001088       0xb0 cmake/stm32cubemx/CMakeFiles/STM32_Drivers.dir/__/__/Drivers/STM32F1xx_HAL_Driver/Src/stm32f1xx_hal_tim.c.obj
                0x08001088                HAL_TIM_Base_Start
 .text.HAL_TIM_Base_Start_IT
                0x08001138       0xc0 cmake/stm32cubemx/CMakeFiles/STM32_Drivers.dir/__/__/Drivers/STM32F1xx_HAL_Driver/Src/stm32f1xx_hal_tim.c.obj
                0x08001138                HAL_TIM_Base_Start_IT
 .text.HAL_TIM_IRQHandler
                0x080011f8      0x1e0 cmake/stm32cubemx/CMakeFiles/STM32_Drivers.dir/__/__/Drivers/STM32F1xx_HAL_Driver/Src/stm32f1xx_hal_tim.c.obj
                0x080011f8                HAL_TIM_IRQHandler
 .text.HAL_TIM_ConfigClockSource
                0x080013d8      0x18e cmake/stm32cubemx/CMakeFiles/STM32_Drivers.dir/__/__/Drivers/STM32F1xx_HAL_Driver/Src/stm32f1xx_hal_tim.c.obj
                0x080013d8                HAL_TIM_ConfigClockSource
 .text.HAL_TIM_OC_DelayElapsedCallback
                0x08001566       0x12 cmake/stm32cubemx/CMakeFiles/STM32_Drivers.dir/__/__/Drivers/STM32F1xx_HAL_Driver/Src/stm32f1xx_hal_tim.c.obj
                0x08001566                HAL_TIM_OC_DelayElapsedCallback
 .text.HAL_TIM_IC_CaptureCallback
                0x08001578       0x12 cmake/stm32cubemx/CMakeFiles/STM32_Drivers.dir/__/__/Drivers/STM32F1xx_HAL_Driver/Src/stm32f1xx_hal_tim.c.obj
                0x08001578                HAL_TIM_IC_CaptureCallback
 .text.HAL_TIM_PWM_PulseFinishedCallback
                0x0800158a       0x12 cmake/stm32cubemx/CMakeFiles/STM32_Drivers.dir/__/__/Drivers/STM32F1xx_HAL_Driver/Src/stm32f1xx_hal_tim.c.obj
                0x0800158a                HAL_TIM_PWM_PulseFinishedCallback
 .text.HAL_TIM_TriggerCallback
                0x0800159c       0x12 cmake/stm32cubemx/CMakeFiles/STM32_Drivers.dir/__/__/Drivers/STM32F1xx_HAL_Driver/Src/stm32f1xx_hal_tim.c.obj
                0x0800159c                HAL_TIM_TriggerCallback
 *fill*         0x080015ae        0x2 
 .text.TIM_Base_SetConfig
                0x080015b0      0x10c cmake/stm32cubemx/CMakeFiles/STM32_Drivers.dir/__/__/Drivers/STM32F1xx_HAL_Driver/Src/stm32f1xx_hal_tim.c.obj
                0x080015b0                TIM_Base_SetConfig
 .text.TIM_TI1_ConfigInputStage
                0x080016bc       0x5c cmake/stm32cubemx/CMakeFiles/STM32_Drivers.dir/__/__/Drivers/STM32F1xx_HAL_Driver/Src/stm32f1xx_hal_tim.c.obj
 .text.TIM_TI2_ConfigInputStage
                0x08001718       0x5e cmake/stm32cubemx/CMakeFiles/STM32_Drivers.dir/__/__/Drivers/STM32F1xx_HAL_Driver/Src/stm32f1xx_hal_tim.c.obj
 .text.TIM_ITRx_SetConfig
                0x08001776       0x34 cmake/stm32cubemx/CMakeFiles/STM32_Drivers.dir/__/__/Drivers/STM32F1xx_HAL_Driver/Src/stm32f1xx_hal_tim.c.obj
 .text.TIM_ETR_SetConfig
                0x080017aa       0x3e cmake/stm32cubemx/CMakeFiles/STM32_Drivers.dir/__/__/Drivers/STM32F1xx_HAL_Driver/Src/stm32f1xx_hal_tim.c.obj
                0x080017aa                TIM_ETR_SetConfig
 .text.HAL_TIMEx_MasterConfigSynchronization
                0x080017e8       0xd8 cmake/stm32cubemx/CMakeFiles/STM32_Drivers.dir/__/__/Drivers/STM32F1xx_HAL_Driver/Src/stm32f1xx_hal_tim_ex.c.obj
                0x080017e8                HAL_TIMEx_MasterConfigSynchronization
 .text.HAL_TIMEx_CommutCallback
                0x080018c0       0x12 cmake/stm32cubemx/CMakeFiles/STM32_Drivers.dir/__/__/Drivers/STM32F1xx_HAL_Driver/Src/stm32f1xx_hal_tim_ex.c.obj
                0x080018c0                HAL_TIMEx_CommutCallback
 .text.HAL_TIMEx_BreakCallback
                0x080018d2       0x12 cmake/stm32cubemx/CMakeFiles/STM32_Drivers.dir/__/__/Drivers/STM32F1xx_HAL_Driver/Src/stm32f1xx_hal_tim_ex.c.obj
                0x080018d2                HAL_TIMEx_BreakCallback
 .text.HAL_ADC_Init
                0x080018e4      0x1d4 cmake/stm32cubemx/CMakeFiles/STM32_Drivers.dir/__/__/Drivers/STM32F1xx_HAL_Driver/Src/stm32f1xx_hal_adc.c.obj
                0x080018e4                HAL_ADC_Init
 .text.HAL_ADC_Start_DMA
                0x08001ab8      0x1bc cmake/stm32cubemx/CMakeFiles/STM32_Drivers.dir/__/__/Drivers/STM32F1xx_HAL_Driver/Src/stm32f1xx_hal_adc.c.obj
                0x08001ab8                HAL_ADC_Start_DMA
 .text.HAL_ADC_ConvCpltCallback
                0x08001c74       0x12 cmake/stm32cubemx/CMakeFiles/STM32_Drivers.dir/__/__/Drivers/STM32F1xx_HAL_Driver/Src/stm32f1xx_hal_adc.c.obj
                0x08001c74                HAL_ADC_ConvCpltCallback
 .text.HAL_ADC_ConvHalfCpltCallback
                0x08001c86       0x12 cmake/stm32cubemx/CMakeFiles/STM32_Drivers.dir/__/__/Drivers/STM32F1xx_HAL_Driver/Src/stm32f1xx_hal_adc.c.obj
                0x08001c86                HAL_ADC_ConvHalfCpltCallback
 .text.HAL_ADC_ErrorCallback
                0x08001c98       0x12 cmake/stm32cubemx/CMakeFiles/STM32_Drivers.dir/__/__/Drivers/STM32F1xx_HAL_Driver/Src/stm32f1xx_hal_adc.c.obj
                0x08001c98                HAL_ADC_ErrorCallback
 *fill*         0x08001caa        0x2 
 .text.HAL_ADC_ConfigChannel
                0x08001cac      0x1f8 cmake/stm32cubemx/CMakeFiles/STM32_Drivers.dir/__/__/Drivers/STM32F1xx_HAL_Driver/Src/stm32f1xx_hal_adc.c.obj
                0x08001cac                HAL_ADC_ConfigChannel
 .text.ADC_Enable
                0x08001ea4       0xb4 cmake/stm32cubemx/CMakeFiles/STM32_Drivers.dir/__/__/Drivers/STM32F1xx_HAL_Driver/Src/stm32f1xx_hal_adc.c.obj
                0x08001ea4                ADC_Enable
 .text.ADC_ConversionStop_Disable
                0x08001f58       0x82 cmake/stm32cubemx/CMakeFiles/STM32_Drivers.dir/__/__/Drivers/STM32F1xx_HAL_Driver/Src/stm32f1xx_hal_adc.c.obj
                0x08001f58                ADC_ConversionStop_Disable
 .text.ADC_DMAConvCplt
                0x08001fda       0x7c cmake/stm32cubemx/CMakeFiles/STM32_Drivers.dir/__/__/Drivers/STM32F1xx_HAL_Driver/Src/stm32f1xx_hal_adc.c.obj
                0x08001fda                ADC_DMAConvCplt
 .text.ADC_DMAHalfConvCplt
                0x08002056       0x1c cmake/stm32cubemx/CMakeFiles/STM32_Drivers.dir/__/__/Drivers/STM32F1xx_HAL_Driver/Src/stm32f1xx_hal_adc.c.obj
                0x08002056                ADC_DMAHalfConvCplt
 .text.ADC_DMAError
                0x08002072       0x34 cmake/stm32cubemx/CMakeFiles/STM32_Drivers.dir/__/__/Drivers/STM32F1xx_HAL_Driver/Src/stm32f1xx_hal_adc.c.obj
                0x08002072                ADC_DMAError
 *fill*         0x080020a6        0x2 
 .text.HAL_Init
                0x080020a8       0x2c cmake/stm32cubemx/CMakeFiles/STM32_Drivers.dir/__/__/Drivers/STM32F1xx_HAL_Driver/Src/stm32f1xx_hal.c.obj
                0x080020a8                HAL_Init
 .text.HAL_IncTick
                0x080020d4       0x24 cmake/stm32cubemx/CMakeFiles/STM32_Drivers.dir/__/__/Drivers/STM32F1xx_HAL_Driver/Src/stm32f1xx_hal.c.obj
                0x080020d4                HAL_IncTick
 .text.HAL_GetTick
                0x080020f8       0x14 cmake/stm32cubemx/CMakeFiles/STM32_Drivers.dir/__/__/Drivers/STM32F1xx_HAL_Driver/Src/stm32f1xx_hal.c.obj
                0x080020f8                HAL_GetTick
 .text.HAL_Delay
                0x0800210c       0x48 cmake/stm32cubemx/CMakeFiles/STM32_Drivers.dir/__/__/Drivers/STM32F1xx_HAL_Driver/Src/stm32f1xx_hal.c.obj
                0x0800210c                HAL_Delay
 .text.HAL_RCC_OscConfig
                0x08002154      0x504 cmake/stm32cubemx/CMakeFiles/STM32_Drivers.dir/__/__/Drivers/STM32F1xx_HAL_Driver/Src/stm32f1xx_hal_rcc.c.obj
                0x08002154                HAL_RCC_OscConfig
 .text.HAL_RCC_ClockConfig
                0x08002658      0x1d4 cmake/stm32cubemx/CMakeFiles/STM32_Drivers.dir/__/__/Drivers/STM32F1xx_HAL_Driver/Src/stm32f1xx_hal_rcc.c.obj
                0x08002658                HAL_RCC_ClockConfig
 .text.HAL_RCC_GetSysClockFreq
                0x0800282c       0xa8 cmake/stm32cubemx/CMakeFiles/STM32_Drivers.dir/__/__/Drivers/STM32F1xx_HAL_Driver/Src/stm32f1xx_hal_rcc.c.obj
                0x0800282c                HAL_RCC_GetSysClockFreq
 .text.HAL_RCC_GetHCLKFreq
                0x080028d4       0x14 cmake/stm32cubemx/CMakeFiles/STM32_Drivers.dir/__/__/Drivers/STM32F1xx_HAL_Driver/Src/stm32f1xx_hal_rcc.c.obj
                0x080028d4                HAL_RCC_GetHCLKFreq
 .text.HAL_RCC_GetPCLK1Freq
                0x080028e8       0x28 cmake/stm32cubemx/CMakeFiles/STM32_Drivers.dir/__/__/Drivers/STM32F1xx_HAL_Driver/Src/stm32f1xx_hal_rcc.c.obj
                0x080028e8                HAL_RCC_GetPCLK1Freq
 .text.HAL_RCC_GetPCLK2Freq
                0x08002910       0x28 cmake/stm32cubemx/CMakeFiles/STM32_Drivers.dir/__/__/Drivers/STM32F1xx_HAL_Driver/Src/stm32f1xx_hal_rcc.c.obj
                0x08002910                HAL_RCC_GetPCLK2Freq
 .text.HAL_RCC_GetClockConfig
                0x08002938       0x60 cmake/stm32cubemx/CMakeFiles/STM32_Drivers.dir/__/__/Drivers/STM32F1xx_HAL_Driver/Src/stm32f1xx_hal_rcc.c.obj
                0x08002938                HAL_RCC_GetClockConfig
 .text.RCC_Delay
                0x08002998       0x3c cmake/stm32cubemx/CMakeFiles/STM32_Drivers.dir/__/__/Drivers/STM32F1xx_HAL_Driver/Src/stm32f1xx_hal_rcc.c.obj
 .text.HAL_RCCEx_PeriphCLKConfig
                0x080029d4      0x16c cmake/stm32cubemx/CMakeFiles/STM32_Drivers.dir/__/__/Drivers/STM32F1xx_HAL_Driver/Src/stm32f1xx_hal_rcc_ex.c.obj
                0x080029d4                HAL_RCCEx_PeriphCLKConfig
 .text.HAL_GPIO_Init
                0x08002b40      0x2fc cmake/stm32cubemx/CMakeFiles/STM32_Drivers.dir/__/__/Drivers/STM32F1xx_HAL_Driver/Src/stm32f1xx_hal_gpio.c.obj
                0x08002b40                HAL_GPIO_Init
 .text.HAL_GPIO_ReadPin
                0x08002e3c       0x2e cmake/stm32cubemx/CMakeFiles/STM32_Drivers.dir/__/__/Drivers/STM32F1xx_HAL_Driver/Src/stm32f1xx_hal_gpio.c.obj
                0x08002e3c                HAL_GPIO_ReadPin
 .text.HAL_GPIO_WritePin
                0x08002e6a       0x30 cmake/stm32cubemx/CMakeFiles/STM32_Drivers.dir/__/__/Drivers/STM32F1xx_HAL_Driver/Src/stm32f1xx_hal_gpio.c.obj
                0x08002e6a                HAL_GPIO_WritePin
 *fill*         0x08002e9a        0x2 
 .text.HAL_DMA_Init
                0x08002e9c       0xec cmake/stm32cubemx/CMakeFiles/STM32_Drivers.dir/__/__/Drivers/STM32F1xx_HAL_Driver/Src/stm32f1xx_hal_dma.c.obj
                0x08002e9c                HAL_DMA_Init
 .text.HAL_DMA_Start_IT
                0x08002f88       0xc0 cmake/stm32cubemx/CMakeFiles/STM32_Drivers.dir/__/__/Drivers/STM32F1xx_HAL_Driver/Src/stm32f1xx_hal_dma.c.obj
                0x08002f88                HAL_DMA_Start_IT
 .text.HAL_DMA_Abort
                0x08003048       0x76 cmake/stm32cubemx/CMakeFiles/STM32_Drivers.dir/__/__/Drivers/STM32F1xx_HAL_Driver/Src/stm32f1xx_hal_dma.c.obj
                0x08003048                HAL_DMA_Abort
 *fill*         0x080030be        0x2 
 .text.HAL_DMA_Abort_IT
                0x080030c0      0x210 cmake/stm32cubemx/CMakeFiles/STM32_Drivers.dir/__/__/Drivers/STM32F1xx_HAL_Driver/Src/stm32f1xx_hal_dma.c.obj
                0x080030c0                HAL_DMA_Abort_IT
 .text.DMA_SetConfig
                0x080032d0       0x5a cmake/stm32cubemx/CMakeFiles/STM32_Drivers.dir/__/__/Drivers/STM32F1xx_HAL_Driver/Src/stm32f1xx_hal_dma.c.obj
 *fill*         0x0800332a        0x2 
 .text.__NVIC_SetPriorityGrouping
                0x0800332c       0x48 cmake/stm32cubemx/CMakeFiles/STM32_Drivers.dir/__/__/Drivers/STM32F1xx_HAL_Driver/Src/stm32f1xx_hal_cortex.c.obj
 .text.__NVIC_GetPriorityGrouping
                0x08003374       0x1c cmake/stm32cubemx/CMakeFiles/STM32_Drivers.dir/__/__/Drivers/STM32F1xx_HAL_Driver/Src/stm32f1xx_hal_cortex.c.obj
 .text.__NVIC_EnableIRQ
                0x08003390       0x38 cmake/stm32cubemx/CMakeFiles/STM32_Drivers.dir/__/__/Drivers/STM32F1xx_HAL_Driver/Src/stm32f1xx_hal_cortex.c.obj
 .text.__NVIC_SetPriority
                0x080033c8       0x54 cmake/stm32cubemx/CMakeFiles/STM32_Drivers.dir/__/__/Drivers/STM32F1xx_HAL_Driver/Src/stm32f1xx_hal_cortex.c.obj
 .text.NVIC_EncodePriority
                0x0800341c       0x6e cmake/stm32cubemx/CMakeFiles/STM32_Drivers.dir/__/__/Drivers/STM32F1xx_HAL_Driver/Src/stm32f1xx_hal_cortex.c.obj
 .text.HAL_NVIC_SetPriorityGrouping
                0x0800348a       0x16 cmake/stm32cubemx/CMakeFiles/STM32_Drivers.dir/__/__/Drivers/STM32F1xx_HAL_Driver/Src/stm32f1xx_hal_cortex.c.obj
                0x0800348a                HAL_NVIC_SetPriorityGrouping
 .text.HAL_NVIC_SetPriority
                0x080034a0       0x38 cmake/stm32cubemx/CMakeFiles/STM32_Drivers.dir/__/__/Drivers/STM32F1xx_HAL_Driver/Src/stm32f1xx_hal_cortex.c.obj
                0x080034a0                HAL_NVIC_SetPriority
 .text.HAL_NVIC_EnableIRQ
                0x080034d8       0x1c cmake/stm32cubemx/CMakeFiles/STM32_Drivers.dir/__/__/Drivers/STM32F1xx_HAL_Driver/Src/stm32f1xx_hal_cortex.c.obj
                0x080034d8                HAL_NVIC_EnableIRQ
 .text.HAL_DAC_Init
                0x080034f4       0x44 cmake/stm32cubemx/CMakeFiles/STM32_Drivers.dir/__/__/Drivers/STM32F1xx_HAL_Driver/Src/stm32f1xx_hal_dac.c.obj
                0x080034f4                HAL_DAC_Init
 .text.HAL_DAC_Start_DMA
                0x08003538      0x160 cmake/stm32cubemx/CMakeFiles/STM32_Drivers.dir/__/__/Drivers/STM32F1xx_HAL_Driver/Src/stm32f1xx_hal_dac.c.obj
                0x08003538                HAL_DAC_Start_DMA
 .text.HAL_DAC_ConvCpltCallbackCh1
                0x08003698       0x12 cmake/stm32cubemx/CMakeFiles/STM32_Drivers.dir/__/__/Drivers/STM32F1xx_HAL_Driver/Src/stm32f1xx_hal_dac.c.obj
                0x08003698                HAL_DAC_ConvCpltCallbackCh1
 .text.HAL_DAC_ConvHalfCpltCallbackCh1
                0x080036aa       0x12 cmake/stm32cubemx/CMakeFiles/STM32_Drivers.dir/__/__/Drivers/STM32F1xx_HAL_Driver/Src/stm32f1xx_hal_dac.c.obj
                0x080036aa                HAL_DAC_ConvHalfCpltCallbackCh1
 .text.HAL_DAC_ErrorCallbackCh1
                0x080036bc       0x12 cmake/stm32cubemx/CMakeFiles/STM32_Drivers.dir/__/__/Drivers/STM32F1xx_HAL_Driver/Src/stm32f1xx_hal_dac.c.obj
                0x080036bc                HAL_DAC_ErrorCallbackCh1
 .text.HAL_DAC_ConfigChannel
                0x080036ce       0xb0 cmake/stm32cubemx/CMakeFiles/STM32_Drivers.dir/__/__/Drivers/STM32F1xx_HAL_Driver/Src/stm32f1xx_hal_dac.c.obj
                0x080036ce                HAL_DAC_ConfigChannel
 .text.DAC_DMAConvCpltCh1
                0x0800377e       0x22 cmake/stm32cubemx/CMakeFiles/STM32_Drivers.dir/__/__/Drivers/STM32F1xx_HAL_Driver/Src/stm32f1xx_hal_dac.c.obj
                0x0800377e                DAC_DMAConvCpltCh1
 .text.DAC_DMAHalfConvCpltCh1
                0x080037a0       0x1c cmake/stm32cubemx/CMakeFiles/STM32_Drivers.dir/__/__/Drivers/STM32F1xx_HAL_Driver/Src/stm32f1xx_hal_dac.c.obj
                0x080037a0                DAC_DMAHalfConvCpltCh1
 .text.DAC_DMAErrorCh1
                0x080037bc       0x2e cmake/stm32cubemx/CMakeFiles/STM32_Drivers.dir/__/__/Drivers/STM32F1xx_HAL_Driver/Src/stm32f1xx_hal_dac.c.obj
                0x080037bc                DAC_DMAErrorCh1
 .text.HAL_DACEx_ConvCpltCallbackCh2
                0x080037ea       0x12 cmake/stm32cubemx/CMakeFiles/STM32_Drivers.dir/__/__/Drivers/STM32F1xx_HAL_Driver/Src/stm32f1xx_hal_dac_ex.c.obj
                0x080037ea                HAL_DACEx_ConvCpltCallbackCh2
 .text.HAL_DACEx_ConvHalfCpltCallbackCh2
                0x080037fc       0x12 cmake/stm32cubemx/CMakeFiles/STM32_Drivers.dir/__/__/Drivers/STM32F1xx_HAL_Driver/Src/stm32f1xx_hal_dac_ex.c.obj
                0x080037fc                HAL_DACEx_ConvHalfCpltCallbackCh2
 .text.HAL_DACEx_ErrorCallbackCh2
                0x0800380e       0x12 cmake/stm32cubemx/CMakeFiles/STM32_Drivers.dir/__/__/Drivers/STM32F1xx_HAL_Driver/Src/stm32f1xx_hal_dac_ex.c.obj
                0x0800380e                HAL_DACEx_ErrorCallbackCh2
 .text.DAC_DMAConvCpltCh2
                0x08003820       0x22 cmake/stm32cubemx/CMakeFiles/STM32_Drivers.dir/__/__/Drivers/STM32F1xx_HAL_Driver/Src/stm32f1xx_hal_dac_ex.c.obj
                0x08003820                DAC_DMAConvCpltCh2
 .text.DAC_DMAHalfConvCpltCh2
                0x08003842       0x1c cmake/stm32cubemx/CMakeFiles/STM32_Drivers.dir/__/__/Drivers/STM32F1xx_HAL_Driver/Src/stm32f1xx_hal_dac_ex.c.obj
                0x08003842                DAC_DMAHalfConvCpltCh2
 .text.DAC_DMAErrorCh2
                0x0800385e       0x2e cmake/stm32cubemx/CMakeFiles/STM32_Drivers.dir/__/__/Drivers/STM32F1xx_HAL_Driver/Src/stm32f1xx_hal_dac_ex.c.obj
                0x0800385e                DAC_DMAErrorCh2
 .text.HAL_UART_Init
                0x0800388c       0xa0 cmake/stm32cubemx/CMakeFiles/STM32_Drivers.dir/__/__/Drivers/STM32F1xx_HAL_Driver/Src/stm32f1xx_hal_uart.c.obj
                0x0800388c                HAL_UART_Init
 .text.HAL_UART_Transmit
                0x0800392c      0x116 cmake/stm32cubemx/CMakeFiles/STM32_Drivers.dir/__/__/Drivers/STM32F1xx_HAL_Driver/Src/stm32f1xx_hal_uart.c.obj
                0x0800392c                HAL_UART_Transmit
 *fill*         0x08003a42        0x2 
 .text.HAL_UART_IRQHandler
                0x08003a44      0x520 cmake/stm32cubemx/CMakeFiles/STM32_Drivers.dir/__/__/Drivers/STM32F1xx_HAL_Driver/Src/stm32f1xx_hal_uart.c.obj
                0x08003a44                HAL_UART_IRQHandler
 .text.HAL_UART_TxCpltCallback
                0x08003f64       0x12 cmake/stm32cubemx/CMakeFiles/STM32_Drivers.dir/__/__/Drivers/STM32F1xx_HAL_Driver/Src/stm32f1xx_hal_uart.c.obj
                0x08003f64                HAL_UART_TxCpltCallback
 .text.HAL_UART_RxCpltCallback
                0x08003f76       0x12 cmake/stm32cubemx/CMakeFiles/STM32_Drivers.dir/__/__/Drivers/STM32F1xx_HAL_Driver/Src/stm32f1xx_hal_uart.c.obj
                0x08003f76                HAL_UART_RxCpltCallback
 .text.HAL_UART_ErrorCallback
                0x08003f88       0x12 cmake/stm32cubemx/CMakeFiles/STM32_Drivers.dir/__/__/Drivers/STM32F1xx_HAL_Driver/Src/stm32f1xx_hal_uart.c.obj
                0x08003f88                HAL_UART_ErrorCallback
 .text.HAL_UARTEx_RxEventCallback
                0x08003f9a       0x16 cmake/stm32cubemx/CMakeFiles/STM32_Drivers.dir/__/__/Drivers/STM32F1xx_HAL_Driver/Src/stm32f1xx_hal_uart.c.obj
                0x08003f9a                HAL_UARTEx_RxEventCallback
 .text.UART_WaitOnFlagUntilTimeout
                0x08003fb0       0xb2 cmake/stm32cubemx/CMakeFiles/STM32_Drivers.dir/__/__/Drivers/STM32F1xx_HAL_Driver/Src/stm32f1xx_hal_uart.c.obj
 .text.UART_EndRxTransfer
                0x08004062       0xc4 cmake/stm32cubemx/CMakeFiles/STM32_Drivers.dir/__/__/Drivers/STM32F1xx_HAL_Driver/Src/stm32f1xx_hal_uart.c.obj
 .text.UART_DMAAbortOnError
                0x08004126       0x28 cmake/stm32cubemx/CMakeFiles/STM32_Drivers.dir/__/__/Drivers/STM32F1xx_HAL_Driver/Src/stm32f1xx_hal_uart.c.obj
 .text.UART_Transmit_IT
                0x0800414e       0x9e cmake/stm32cubemx/CMakeFiles/STM32_Drivers.dir/__/__/Drivers/STM32F1xx_HAL_Driver/Src/stm32f1xx_hal_uart.c.obj
 .text.UART_EndTransmit_IT
                0x080041ec       0x30 cmake/stm32cubemx/CMakeFiles/STM32_Drivers.dir/__/__/Drivers/STM32F1xx_HAL_Driver/Src/stm32f1xx_hal_uart.c.obj
 .text.UART_Receive_IT
                0x0800421c      0x17c cmake/stm32cubemx/CMakeFiles/STM32_Drivers.dir/__/__/Drivers/STM32F1xx_HAL_Driver/Src/stm32f1xx_hal_uart.c.obj
 .text.UART_SetConfig
                0x08004398      0x11c cmake/stm32cubemx/CMakeFiles/STM32_Drivers.dir/__/__/Drivers/STM32F1xx_HAL_Driver/Src/stm32f1xx_hal_uart.c.obj
 *fill*         0x080044b4        0x4 
 .text.Gen_SineTable
                0x080044b8       0xa4 CMakeFiles/singal_generate.dir/Core/Src/main.c.obj
 .text.main     0x0800455c       0xb8 CMakeFiles/singal_generate.dir/Core/Src/main.c.obj
                0x0800455c                main
 .text.SystemClock_Config
                0x08004614       0xba CMakeFiles/singal_generate.dir/Core/Src/main.c.obj
                0x08004614                SystemClock_Config
 *fill*         0x080046ce        0x2 
 .text.HAL_TIM_PeriodElapsedCallback
                0x080046d0       0x24 CMakeFiles/singal_generate.dir/Core/Src/main.c.obj
                0x080046d0                HAL_TIM_PeriodElapsedCallback
 .text.Error_Handler
                0x080046f4        0xc CMakeFiles/singal_generate.dir/Core/Src/main.c.obj
                0x080046f4                Error_Handler
 .text.MX_GPIO_Init
                0x08004700       0xbc CMakeFiles/singal_generate.dir/Core/Src/gpio.c.obj
                0x08004700                MX_GPIO_Init
 .text.MX_ADC1_Init
                0x080047bc       0x7c CMakeFiles/singal_generate.dir/Core/Src/adc.c.obj
                0x080047bc                MX_ADC1_Init
 .text.HAL_ADC_MspInit
                0x08004838       0xd0 CMakeFiles/singal_generate.dir/Core/Src/adc.c.obj
                0x08004838                HAL_ADC_MspInit
 .text.MX_DAC_Init
                0x08004908       0x54 CMakeFiles/singal_generate.dir/Core/Src/dac.c.obj
                0x08004908                MX_DAC_Init
 .text.HAL_DAC_MspInit
                0x0800495c       0xd0 CMakeFiles/singal_generate.dir/Core/Src/dac.c.obj
                0x0800495c                HAL_DAC_MspInit
 .text.MX_DMA_Init
                0x08004a2c       0x44 CMakeFiles/singal_generate.dir/Core/Src/dma.c.obj
                0x08004a2c                MX_DMA_Init
 .text.MX_TIM2_Init
                0x08004a70       0x98 CMakeFiles/singal_generate.dir/Core/Src/tim.c.obj
                0x08004a70                MX_TIM2_Init
 .text.MX_TIM3_Init
                0x08004b08       0x9c CMakeFiles/singal_generate.dir/Core/Src/tim.c.obj
                0x08004b08                MX_TIM3_Init
 .text.HAL_TIM_Base_MspInit
                0x08004ba4       0x60 CMakeFiles/singal_generate.dir/Core/Src/tim.c.obj
                0x08004ba4                HAL_TIM_Base_MspInit
 .text.MX_USART1_UART_Init
                0x08004c04       0x54 CMakeFiles/singal_generate.dir/Core/Src/usart.c.obj
                0x08004c04                MX_USART1_UART_Init
 .text.HAL_UART_MspInit
                0x08004c58       0xa8 CMakeFiles/singal_generate.dir/Core/Src/usart.c.obj
                0x08004c58                HAL_UART_MspInit
 .text.NMI_Handler
                0x08004d00        0x8 CMakeFiles/singal_generate.dir/Core/Src/stm32f1xx_it.c.obj
                0x08004d00                NMI_Handler
 .text.HardFault_Handler
                0x08004d08        0x8 CMakeFiles/singal_generate.dir/Core/Src/stm32f1xx_it.c.obj
                0x08004d08                HardFault_Handler
 .text.MemManage_Handler
                0x08004d10        0x8 CMakeFiles/singal_generate.dir/Core/Src/stm32f1xx_it.c.obj
                0x08004d10                MemManage_Handler
 .text.BusFault_Handler
                0x08004d18        0x8 CMakeFiles/singal_generate.dir/Core/Src/stm32f1xx_it.c.obj
                0x08004d18                BusFault_Handler
 .text.UsageFault_Handler
                0x08004d20        0x8 CMakeFiles/singal_generate.dir/Core/Src/stm32f1xx_it.c.obj
                0x08004d20                UsageFault_Handler
 .text.DebugMon_Handler
                0x08004d28        0xc CMakeFiles/singal_generate.dir/Core/Src/stm32f1xx_it.c.obj
                0x08004d28                DebugMon_Handler
 .text.SysTick_Handler
                0x08004d34       0x16 CMakeFiles/singal_generate.dir/Core/Src/stm32f1xx_it.c.obj
                0x08004d34                SysTick_Handler
 *fill*         0x08004d4a        0x2 
 .text.USART1_IRQHandler
                0x08004d4c       0x14 CMakeFiles/singal_generate.dir/Core/Src/stm32f1xx_it.c.obj
                0x08004d4c                USART1_IRQHandler
 .text.TIM7_IRQHandler
                0x08004d60       0x14 CMakeFiles/singal_generate.dir/Core/Src/stm32f1xx_it.c.obj
                0x08004d60                TIM7_IRQHandler
 .text.HAL_MspInit
                0x08004d74       0x64 CMakeFiles/singal_generate.dir/Core/Src/stm32f1xx_hal_msp.c.obj
                0x08004d74                HAL_MspInit
 .text.HAL_InitTick
                0x08004dd8       0xfc CMakeFiles/singal_generate.dir/Core/Src/stm32f1xx_hal_timebase_tim.c.obj
                0x08004dd8                HAL_InitTick
 .text._sbrk    0x08004ed4       0x6c CMakeFiles/singal_generate.dir/Core/Src/sysmem.c.obj
                0x08004ed4                _sbrk
 .text.__io_putchar
                0x08004f40       0x24 CMakeFiles/singal_generate.dir/Core/Src/syscalls.c.obj
                0x08004f40                __io_putchar
 .text._read    0x08004f64       0x3a CMakeFiles/singal_generate.dir/Core/Src/syscalls.c.obj
                0x08004f64                _read
 .text._write   0x08004f9e       0x38 CMakeFiles/singal_generate.dir/Core/Src/syscalls.c.obj
                0x08004f9e                _write
 .text._close   0x08004fd6       0x16 CMakeFiles/singal_generate.dir/Core/Src/syscalls.c.obj
                0x08004fd6                _close
 .text._fstat   0x08004fec       0x1e CMakeFiles/singal_generate.dir/Core/Src/syscalls.c.obj
                0x08004fec                _fstat
 .text._isatty  0x0800500a       0x14 CMakeFiles/singal_generate.dir/Core/Src/syscalls.c.obj
                0x0800500a                _isatty
 .text._lseek   0x0800501e       0x18 CMakeFiles/singal_generate.dir/Core/Src/syscalls.c.obj
                0x0800501e                _lseek
 *fill*         0x08005036        0x2 
 .text.Reset_Handler
                0x08005038       0x48 CMakeFiles/singal_generate.dir/startup_stm32f103xe.s.obj
                0x08005038                Reset_Handler
 .text.Default_Handler
                0x08005080        0x2 CMakeFiles/singal_generate.dir/startup_stm32f103xe.s.obj
                0x08005080                RTC_Alarm_IRQHandler
                0x08005080                EXTI2_IRQHandler
                0x08005080                TIM8_TRG_COM_IRQHandler
                0x08005080                TIM8_CC_IRQHandler
                0x08005080                TIM1_CC_IRQHandler
                0x08005080                TIM6_IRQHandler
                0x08005080                PVD_IRQHandler
                0x08005080                SDIO_IRQHandler
                0x08005080                EXTI3_IRQHandler
                0x08005080                EXTI0_IRQHandler
                0x08005080                I2C2_EV_IRQHandler
                0x08005080                ADC1_2_IRQHandler
                0x08005080                SPI1_IRQHandler
                0x08005080                TAMPER_IRQHandler
                0x08005080                TIM8_UP_IRQHandler
                0x08005080                DMA2_Channel2_IRQHandler
                0x08005080                DMA1_Channel4_IRQHandler
                0x08005080                USART3_IRQHandler
                0x08005080                RTC_IRQHandler
                0x08005080                DMA1_Channel7_IRQHandler
                0x08005080                CAN1_RX1_IRQHandler
                0x08005080                UART5_IRQHandler
                0x08005080                ADC3_IRQHandler
                0x08005080                TIM4_IRQHandler
                0x08005080                DMA2_Channel1_IRQHandler
                0x08005080                I2C1_EV_IRQHandler
                0x08005080                DMA1_Channel6_IRQHandler
                0x08005080                UART4_IRQHandler
                0x08005080                TIM3_IRQHandler
                0x08005080                RCC_IRQHandler
                0x08005080                TIM1_TRG_COM_IRQHandler
                0x08005080                DMA1_Channel1_IRQHandler
                0x08005080                Default_Handler
                0x08005080                EXTI15_10_IRQHandler
                0x08005080                TIM5_IRQHandler
                0x08005080                EXTI9_5_IRQHandler
                0x08005080                SPI2_IRQHandler
                0x08005080                DMA1_Channel5_IRQHandler
                0x08005080                EXTI4_IRQHandler
                0x08005080                USB_LP_CAN1_RX0_IRQHandler
                0x08005080                USB_HP_CAN1_TX_IRQHandler
                0x08005080                DMA1_Channel3_IRQHandler
                0x08005080                FSMC_IRQHandler
                0x08005080                TIM1_UP_IRQHandler
                0x08005080                WWDG_IRQHandler
                0x08005080                TIM2_IRQHandler
                0x08005080                TIM1_BRK_IRQHandler
                0x08005080                EXTI1_IRQHandler
                0x08005080                DMA2_Channel4_5_IRQHandler
                0x08005080                USART2_IRQHandler
                0x08005080                I2C2_ER_IRQHandler
                0x08005080                DMA1_Channel2_IRQHandler
                0x08005080                TIM8_BRK_IRQHandler
                0x08005080                CAN1_SCE_IRQHandler
                0x08005080                FLASH_IRQHandler
                0x08005080                SPI3_IRQHandler
                0x08005080                I2C1_ER_IRQHandler
                0x08005080                USBWakeUp_IRQHandler
                0x08005080                DMA2_Channel3_IRQHandler
 .text.vListInitialise
                0x08005082       0x3e CMakeFiles/singal_generate.dir/MiddleWare/FreeRTOS/Src/list.c.obj
                0x08005082                vListInitialise
 .text.vListInitialiseItem
                0x080050c0       0x18 CMakeFiles/singal_generate.dir/MiddleWare/FreeRTOS/Src/list.c.obj
                0x080050c0                vListInitialiseItem
 .text.vListInsertEnd
                0x080050d8       0x46 CMakeFiles/singal_generate.dir/MiddleWare/FreeRTOS/Src/list.c.obj
                0x080050d8                vListInsertEnd
 .text.vListInsert
                0x0800511e       0x70 CMakeFiles/singal_generate.dir/MiddleWare/FreeRTOS/Src/list.c.obj
                0x0800511e                vListInsert
 .text.uxListRemove
                0x0800518e       0x52 CMakeFiles/singal_generate.dir/MiddleWare/FreeRTOS/Src/list.c.obj
                0x0800518e                uxListRemove
 .text.xTaskCreate
                0x080051e0       0x82 CMakeFiles/singal_generate.dir/MiddleWare/FreeRTOS/Src/tasks.c.obj
                0x080051e0                xTaskCreate
 .text.prvInitialiseNewTask
                0x08005262      0x100 CMakeFiles/singal_generate.dir/MiddleWare/FreeRTOS/Src/tasks.c.obj
 *fill*         0x08005362        0x2 
 .text.prvAddNewTaskToReadyList
                0x08005364       0xdc CMakeFiles/singal_generate.dir/MiddleWare/FreeRTOS/Src/tasks.c.obj
 .text.vTaskDelete
                0x08005440      0x100 CMakeFiles/singal_generate.dir/MiddleWare/FreeRTOS/Src/tasks.c.obj
                0x08005440                vTaskDelete
 .text.vTaskDelay
                0x08005540       0x48 CMakeFiles/singal_generate.dir/MiddleWare/FreeRTOS/Src/tasks.c.obj
                0x08005540                vTaskDelay
 .text.vTaskStartScheduler
                0x08005588       0x70 CMakeFiles/singal_generate.dir/MiddleWare/FreeRTOS/Src/tasks.c.obj
                0x08005588                vTaskStartScheduler
 .text.vTaskSuspendAll
                0x080055f8       0x1c CMakeFiles/singal_generate.dir/MiddleWare/FreeRTOS/Src/tasks.c.obj
                0x080055f8                vTaskSuspendAll
 .text.xTaskResumeAll
                0x08005614      0x11c CMakeFiles/singal_generate.dir/MiddleWare/FreeRTOS/Src/tasks.c.obj
                0x08005614                xTaskResumeAll
 .text.xTaskIncrementTick
                0x08005730      0x150 CMakeFiles/singal_generate.dir/MiddleWare/FreeRTOS/Src/tasks.c.obj
                0x08005730                xTaskIncrementTick
 .text.vTaskSwitchContext
                0x08005880       0x8c CMakeFiles/singal_generate.dir/MiddleWare/FreeRTOS/Src/tasks.c.obj
                0x08005880                vTaskSwitchContext
 .text.prvIdleTask
                0x0800590c       0x30 CMakeFiles/singal_generate.dir/MiddleWare/FreeRTOS/Src/tasks.c.obj
 .text.prvInitialiseTaskLists
                0x0800593c       0x80 CMakeFiles/singal_generate.dir/MiddleWare/FreeRTOS/Src/tasks.c.obj
 .text.prvCheckTasksWaitingTermination
                0x080059bc       0x5c CMakeFiles/singal_generate.dir/MiddleWare/FreeRTOS/Src/tasks.c.obj
 .text.prvTaskCheckFreeStackSpace
                0x08005a18       0x36 CMakeFiles/singal_generate.dir/MiddleWare/FreeRTOS/Src/tasks.c.obj
 *fill*         0x08005a4e        0x2 
 .text.uxTaskGetStackHighWaterMark
                0x08005a50       0x38 CMakeFiles/singal_generate.dir/MiddleWare/FreeRTOS/Src/tasks.c.obj
                0x08005a50                uxTaskGetStackHighWaterMark
 .text.prvDeleteTCB
                0x08005a88       0x20 CMakeFiles/singal_generate.dir/MiddleWare/FreeRTOS/Src/tasks.c.obj
 .text.prvResetNextTaskUnblockTime
                0x08005aa8       0x34 CMakeFiles/singal_generate.dir/MiddleWare/FreeRTOS/Src/tasks.c.obj
 .text.xTaskGetSchedulerState
                0x08005adc       0x3c CMakeFiles/singal_generate.dir/MiddleWare/FreeRTOS/Src/tasks.c.obj
                0x08005adc                xTaskGetSchedulerState
 .text.prvAddCurrentTaskToDelayedList
                0x08005b18       0xcc CMakeFiles/singal_generate.dir/MiddleWare/FreeRTOS/Src/tasks.c.obj
 .text.pxPortInitialiseStack
                0x08005be4       0x58 CMakeFiles/singal_generate.dir/MiddleWare/FreeRTOS/Portable/port.c.obj
                0x08005be4                pxPortInitialiseStack
 .text.prvTaskExitError
                0x08005c3c       0x32 CMakeFiles/singal_generate.dir/MiddleWare/FreeRTOS/Portable/port.c.obj
 *fill*         0x08005c6e        0x2 
 .text.SVC_Handler
                0x08005c70       0x28 CMakeFiles/singal_generate.dir/MiddleWare/FreeRTOS/Portable/port.c.obj
                0x08005c70                SVC_Handler
 .text.prvPortStartFirstTask
                0x08005c98       0x24 CMakeFiles/singal_generate.dir/MiddleWare/FreeRTOS/Portable/port.c.obj
 .text.xPortStartScheduler
                0x08005cbc       0x40 CMakeFiles/singal_generate.dir/MiddleWare/FreeRTOS/Portable/port.c.obj
                0x08005cbc                xPortStartScheduler
 .text.vPortEnterCritical
                0x08005cfc       0x34 CMakeFiles/singal_generate.dir/MiddleWare/FreeRTOS/Portable/port.c.obj
                0x08005cfc                vPortEnterCritical
 .text.vPortExitCritical
                0x08005d30       0x34 CMakeFiles/singal_generate.dir/MiddleWare/FreeRTOS/Portable/port.c.obj
                0x08005d30                vPortExitCritical
 *fill*         0x08005d64        0xc 
 .text.PendSV_Handler
                0x08005d70       0x48 CMakeFiles/singal_generate.dir/MiddleWare/FreeRTOS/Portable/port.c.obj
                0x08005d70                PendSV_Handler
 .text.xPortSysTickHandler
                0x08005db8       0x44 CMakeFiles/singal_generate.dir/MiddleWare/FreeRTOS/Portable/port.c.obj
                0x08005db8                xPortSysTickHandler
 .text.vPortSetupTimerInterrupt
                0x08005dfc       0x34 CMakeFiles/singal_generate.dir/MiddleWare/FreeRTOS/Portable/port.c.obj
                0x08005dfc                vPortSetupTimerInterrupt
 .text.pvPortMalloc
                0x08005e30      0x134 CMakeFiles/singal_generate.dir/MiddleWare/FreeRTOS/Portable/heap_4.c.obj
                0x08005e30                pvPortMalloc
 .text.vPortFree
                0x08005f64       0x80 CMakeFiles/singal_generate.dir/MiddleWare/FreeRTOS/Portable/heap_4.c.obj
                0x08005f64                vPortFree
 .text.prvHeapInit
                0x08005fe4       0xc4 CMakeFiles/singal_generate.dir/MiddleWare/FreeRTOS/Portable/heap_4.c.obj
 .text.prvInsertBlockIntoFreeList
                0x080060a8       0xb0 CMakeFiles/singal_generate.dir/MiddleWare/FreeRTOS/Portable/heap_4.c.obj
 .text._ZN3LedC2EP12GPIO_TypeDeft
                0x08006158       0x36 CMakeFiles/singal_generate.dir/MiddleWare/class/Src/led.cpp.obj
                0x08006158                Led::Led(GPIO_TypeDef*, unsigned short)
                0x08006158                Led::Led(GPIO_TypeDef*, unsigned short)
 .text._ZN3Led2onEv
                0x0800618e       0x26 CMakeFiles/singal_generate.dir/MiddleWare/class/Src/led.cpp.obj
                0x0800618e                Led::on()
 .text._ZN3Led3offEv
                0x080061b4       0x26 CMakeFiles/singal_generate.dir/MiddleWare/class/Src/led.cpp.obj
                0x080061b4                Led::off()
 .text._ZN3Led6toggleEv
                0x080061da       0x26 CMakeFiles/singal_generate.dir/MiddleWare/class/Src/led.cpp.obj
                0x080061da                Led::toggle()
 .text._ZN8soft_i2cC2EP12GPIO_TypeDeftt
                0x08006200       0x82 CMakeFiles/singal_generate.dir/MiddleWare/class/Src/oled.cpp.obj
                0x08006200                soft_i2c::soft_i2c(GPIO_TypeDef*, unsigned short, unsigned short)
                0x08006200                soft_i2c::soft_i2c(GPIO_TypeDef*, unsigned short, unsigned short)
 .text._ZN4oled9write_cmdEh
                0x08006282       0x7e CMakeFiles/singal_generate.dir/MiddleWare/class/Src/oled.cpp.obj
                0x08006282                oled::write_cmd(unsigned char)
 .text._ZN4oled10write_dataEh
                0x08006300       0x7e CMakeFiles/singal_generate.dir/MiddleWare/class/Src/oled.cpp.obj
                0x08006300                oled::write_data(unsigned char)
 .text._ZN4oled9setcursorEhh
                0x0800637e       0x4e CMakeFiles/singal_generate.dir/MiddleWare/class/Src/oled.cpp.obj
                0x0800637e                oled::setcursor(unsigned char, unsigned char)
 .text._ZN4oledC2EP12GPIO_TypeDeftt
                0x080063cc       0xee CMakeFiles/singal_generate.dir/MiddleWare/class/Src/oled.cpp.obj
                0x080063cc                oled::oled(GPIO_TypeDef*, unsigned short, unsigned short)
                0x080063cc                oled::oled(GPIO_TypeDef*, unsigned short, unsigned short)
 .text._ZN4oled9set_pixelEhh
                0x080064ba       0x62 CMakeFiles/singal_generate.dir/MiddleWare/class/Src/oled.cpp.obj
                0x080064ba                oled::set_pixel(unsigned char, unsigned char)
 .text._ZN4oled9draw_waveEPKth
                0x0800651c       0x5c CMakeFiles/singal_generate.dir/MiddleWare/class/Src/oled.cpp.obj
                0x0800651c                oled::draw_wave(unsigned short const*, unsigned char)
 .text._ZN4oled7refreshEv
                0x08006578       0x58 CMakeFiles/singal_generate.dir/MiddleWare/class/Src/oled.cpp.obj
                0x08006578                oled::refresh()
 .text._ZN4oled5clearEv
                0x080065d0       0x36 CMakeFiles/singal_generate.dir/MiddleWare/class/Src/oled.cpp.obj
                0x080065d0                oled::clear()
 .text._ZL8delay_usv
                0x08006606       0x2e CMakeFiles/singal_generate.dir/MiddleWare/soft_drive/Src/i2c.cpp.obj
 .text._ZN8soft_i2c9scl_writeEi
                0x08006634       0x28 CMakeFiles/singal_generate.dir/MiddleWare/soft_drive/Src/i2c.cpp.obj
                0x08006634                soft_i2c::scl_write(int)
 .text._ZN8soft_i2c9sda_writeEi
                0x0800665c       0x28 CMakeFiles/singal_generate.dir/MiddleWare/soft_drive/Src/i2c.cpp.obj
                0x0800665c                soft_i2c::sda_write(int)
 .text._ZN8soft_i2c5startEv
                0x08006684       0x32 CMakeFiles/singal_generate.dir/MiddleWare/soft_drive/Src/i2c.cpp.obj
                0x08006684                soft_i2c::start()
 .text._ZN8soft_i2c4stopEv
                0x080066b6       0x32 CMakeFiles/singal_generate.dir/MiddleWare/soft_drive/Src/i2c.cpp.obj
                0x080066b6                soft_i2c::stop()
 .text._ZN8soft_i2c11receive_ackEv
                0x080066e8       0x4e CMakeFiles/singal_generate.dir/MiddleWare/soft_drive/Src/i2c.cpp.obj
                0x080066e8                soft_i2c::receive_ack()
 .text._ZN8soft_i2c9send_byteEh
                0x08006736       0x68 CMakeFiles/singal_generate.dir/MiddleWare/soft_drive/Src/i2c.cpp.obj
                0x08006736                soft_i2c::send_byte(unsigned char)
 *fill*         0x0800679e        0x2 
 .text._Z8led_taskPv
                0x080067a0       0x30 CMakeFiles/singal_generate.dir/Application/Src/App_task.cpp.obj
                0x080067a0                led_task(void*)
 .text._Z9uart_taskPv
                0x080067d0       0x2c CMakeFiles/singal_generate.dir/Application/Src/App_task.cpp.obj
                0x080067d0                uart_task(void*)
 .text._Z9oled_taskPv
                0x080067fc       0x74 CMakeFiles/singal_generate.dir/Application/Src/App_task.cpp.obj
                0x080067fc                oled_task(void*)
 .text._Z10start_taskPv
                0x08006870       0xac CMakeFiles/singal_generate.dir/Application/Src/App_task.cpp.obj
                0x08006870                start_task(void*)
 .text.start_freertos
                0x0800691c       0x40 CMakeFiles/singal_generate.dir/Application/Src/App_task.cpp.obj
                0x0800691c                start_freertos
 .text.sin      0x0800695c       0xa0 D:/arm32-none-none-gnueabi-toolchain/arm-gnu-toolchain-15.2.rel1-mingw-w64-x86_64-arm-none-eabi/bin/../lib/gcc/arm-none-eabi/15.2.1/../../../../arm-none-eabi/lib/thumb/v7-m/nofp\libm.a(libm_a-s_sin.o)
                0x0800695c                sin
 *fill*         0x080069fc        0x4 
 .text.__kernel_cos
                0x08006a00      0x248 D:/arm32-none-none-gnueabi-toolchain/arm-gnu-toolchain-15.2.rel1-mingw-w64-x86_64-arm-none-eabi/bin/../lib/gcc/arm-none-eabi/15.2.1/../../../../arm-none-eabi/lib/thumb/v7-m/nofp\libm.a(libm_a-k_cos.o)
                0x08006a00                __kernel_cos
 .text.__kernel_sin
                0x08006c48      0x174 D:/arm32-none-none-gnueabi-toolchain/arm-gnu-toolchain-15.2.rel1-mingw-w64-x86_64-arm-none-eabi/bin/../lib/gcc/arm-none-eabi/15.2.1/../../../../arm-none-eabi/lib/thumb/v7-m/nofp\libm.a(libm_a-k_sin.o)
                0x08006c48                __kernel_sin
 *fill*         0x08006dbc        0x4 
 .text.__ieee754_rem_pio2
                0x08006dc0      0x42c D:/arm32-none-none-gnueabi-toolchain/arm-gnu-toolchain-15.2.rel1-mingw-w64-x86_64-arm-none-eabi/bin/../lib/gcc/arm-none-eabi/15.2.1/../../../../arm-none-eabi/lib/thumb/v7-m/nofp\libm.a(libm_a-e_rem_pio2.o)
                0x08006dc0                __ieee754_rem_pio2
 .text.fabs     0x080071ec        0x8 D:/arm32-none-none-gnueabi-toolchain/arm-gnu-toolchain-15.2.rel1-mingw-w64-x86_64-arm-none-eabi/bin/../lib/gcc/arm-none-eabi/15.2.1/../../../../arm-none-eabi/lib/thumb/v7-m/nofp\libm.a(libm_a-s_fabs.o)
                0x080071ec                fabs
 .text.__kernel_rem_pio2
                0x080071f4      0x864 D:/arm32-none-none-gnueabi-toolchain/arm-gnu-toolchain-15.2.rel1-mingw-w64-x86_64-arm-none-eabi/bin/../lib/gcc/arm-none-eabi/15.2.1/../../../../arm-none-eabi/lib/thumb/v7-m/nofp\libm.a(libm_a-k_rem_pio2.o)
                0x080071f4                __kernel_rem_pio2
 .text.scalbn   0x08007a58       0xf0 D:/arm32-none-none-gnueabi-toolchain/arm-gnu-toolchain-15.2.rel1-mingw-w64-x86_64-arm-none-eabi/bin/../lib/gcc/arm-none-eabi/15.2.1/../../../../arm-none-eabi/lib/thumb/v7-m/nofp\libm.a(libm_a-s_scalbn.o)
                0x08007a58                scalbn
 .text.floor    0x08007b48      0x100 D:/arm32-none-none-gnueabi-toolchain/arm-gnu-toolchain-15.2.rel1-mingw-w64-x86_64-arm-none-eabi/bin/../lib/gcc/arm-none-eabi/15.2.1/../../../../arm-none-eabi/lib/thumb/v7-m/nofp\libm.a(libm_a-s_floor.o)
                0x08007b48                floor
 .text.sbrk_aligned
                0x08007c48       0x44 D:/arm32-none-none-gnueabi-toolchain/arm-gnu-toolchain-15.2.rel1-mingw-w64-x86_64-arm-none-eabi/bin/../lib/gcc/arm-none-eabi/15.2.1/../../../../arm-none-eabi/lib/thumb/v7-m/nofp\libg_nano.a(libc_a-mallocr.o)
 .text._malloc_r
                0x08007c8c       0xf8 D:/arm32-none-none-gnueabi-toolchain/arm-gnu-toolchain-15.2.rel1-mingw-w64-x86_64-arm-none-eabi/bin/../lib/gcc/arm-none-eabi/15.2.1/../../../../arm-none-eabi/lib/thumb/v7-m/nofp\libg_nano.a(libc_a-mallocr.o)
                0x08007c8c                _malloc_r
 .text.__malloc_lock
                0x08007d84        0xc D:/arm32-none-none-gnueabi-toolchain/arm-gnu-toolchain-15.2.rel1-mingw-w64-x86_64-arm-none-eabi/bin/../lib/gcc/arm-none-eabi/15.2.1/../../../../arm-none-eabi/lib/thumb/v7-m/nofp\libg_nano.a(libc_a-mlock.o)
                0x08007d84                __malloc_lock
 .text.__malloc_unlock
                0x08007d90        0xc D:/arm32-none-none-gnueabi-toolchain/arm-gnu-toolchain-15.2.rel1-mingw-w64-x86_64-arm-none-eabi/bin/../lib/gcc/arm-none-eabi/15.2.1/../../../../arm-none-eabi/lib/thumb/v7-m/nofp\libg_nano.a(libc_a-mlock.o)
                0x08007d90                __malloc_unlock
 .text.std      0x08007d9c       0x6c D:/arm32-none-none-gnueabi-toolchain/arm-gnu-toolchain-15.2.rel1-mingw-w64-x86_64-arm-none-eabi/bin/../lib/gcc/arm-none-eabi/15.2.1/../../../../arm-none-eabi/lib/thumb/v7-m/nofp\libg_nano.a(libc_a-findfp.o)
 .text.stdio_exit_handler
                0x08007e08       0x18 D:/arm32-none-none-gnueabi-toolchain/arm-gnu-toolchain-15.2.rel1-mingw-w64-x86_64-arm-none-eabi/bin/../lib/gcc/arm-none-eabi/15.2.1/../../../../arm-none-eabi/lib/thumb/v7-m/nofp\libg_nano.a(libc_a-findfp.o)
 .text.cleanup_stdio
                0x08007e20       0x40 D:/arm32-none-none-gnueabi-toolchain/arm-gnu-toolchain-15.2.rel1-mingw-w64-x86_64-arm-none-eabi/bin/../lib/gcc/arm-none-eabi/15.2.1/../../../../arm-none-eabi/lib/thumb/v7-m/nofp\libg_nano.a(libc_a-findfp.o)
 .text.global_stdio_init.part.0
                0x08007e60       0x40 D:/arm32-none-none-gnueabi-toolchain/arm-gnu-toolchain-15.2.rel1-mingw-w64-x86_64-arm-none-eabi/bin/../lib/gcc/arm-none-eabi/15.2.1/../../../../arm-none-eabi/lib/thumb/v7-m/nofp\libg_nano.a(libc_a-findfp.o)
 .text.__sfp_lock_acquire
                0x08007ea0        0xc D:/arm32-none-none-gnueabi-toolchain/arm-gnu-toolchain-15.2.rel1-mingw-w64-x86_64-arm-none-eabi/bin/../lib/gcc/arm-none-eabi/15.2.1/../../../../arm-none-eabi/lib/thumb/v7-m/nofp\libg_nano.a(libc_a-findfp.o)
                0x08007ea0                __sfp_lock_acquire
 .text.__sfp_lock_release
                0x08007eac        0xc D:/arm32-none-none-gnueabi-toolchain/arm-gnu-toolchain-15.2.rel1-mingw-w64-x86_64-arm-none-eabi/bin/../lib/gcc/arm-none-eabi/15.2.1/../../../../arm-none-eabi/lib/thumb/v7-m/nofp\libg_nano.a(libc_a-findfp.o)
                0x08007eac                __sfp_lock_release
 .text.__sinit  0x08007eb8       0x30 D:/arm32-none-none-gnueabi-toolchain/arm-gnu-toolchain-15.2.rel1-mingw-w64-x86_64-arm-none-eabi/bin/../lib/gcc/arm-none-eabi/15.2.1/../../../../arm-none-eabi/lib/thumb/v7-m/nofp\libg_nano.a(libc_a-findfp.o)
                0x08007eb8                __sinit
 .text._fwalk_sglue
                0x08007ee8       0x3a D:/arm32-none-none-gnueabi-toolchain/arm-gnu-toolchain-15.2.rel1-mingw-w64-x86_64-arm-none-eabi/bin/../lib/gcc/arm-none-eabi/15.2.1/../../../../arm-none-eabi/lib/thumb/v7-m/nofp\libg_nano.a(libc_a-fwalk.o)
                0x08007ee8                _fwalk_sglue
 *fill*         0x08007f22        0x2 
 .text.printf   0x08007f24       0x24 D:/arm32-none-none-gnueabi-toolchain/arm-gnu-toolchain-15.2.rel1-mingw-w64-x86_64-arm-none-eabi/bin/../lib/gcc/arm-none-eabi/15.2.1/../../../../arm-none-eabi/lib/thumb/v7-m/nofp\libg_nano.a(libc_a-printf.o)
                0x08007f24                iprintf
                0x08007f24                printf
 .text.__sread  0x08007f48       0x22 D:/arm32-none-none-gnueabi-toolchain/arm-gnu-toolchain-15.2.rel1-mingw-w64-x86_64-arm-none-eabi/bin/../lib/gcc/arm-none-eabi/15.2.1/../../../../arm-none-eabi/lib/thumb/v7-m/nofp\libg_nano.a(libc_a-stdio.o)
                0x08007f48                __sread
 .text.__swrite
                0x08007f6a       0x38 D:/arm32-none-none-gnueabi-toolchain/arm-gnu-toolchain-15.2.rel1-mingw-w64-x86_64-arm-none-eabi/bin/../lib/gcc/arm-none-eabi/15.2.1/../../../../arm-none-eabi/lib/thumb/v7-m/nofp\libg_nano.a(libc_a-stdio.o)
                0x08007f6a                __swrite
 .text.__sseek  0x08007fa2       0x26 D:/arm32-none-none-gnueabi-toolchain/arm-gnu-toolchain-15.2.rel1-mingw-w64-x86_64-arm-none-eabi/bin/../lib/gcc/arm-none-eabi/15.2.1/../../../../arm-none-eabi/lib/thumb/v7-m/nofp\libg_nano.a(libc_a-stdio.o)
                0x08007fa2                __sseek
 .text.__sclose
                0x08007fc8        0x8 D:/arm32-none-none-gnueabi-toolchain/arm-gnu-toolchain-15.2.rel1-mingw-w64-x86_64-arm-none-eabi/bin/../lib/gcc/arm-none-eabi/15.2.1/../../../../arm-none-eabi/lib/thumb/v7-m/nofp\libg_nano.a(libc_a-stdio.o)
                0x08007fc8                __sclose
 .text.memset   0x08007fd0       0x10 D:/arm32-none-none-gnueabi-toolchain/arm-gnu-toolchain-15.2.rel1-mingw-w64-x86_64-arm-none-eabi/bin/../lib/gcc/arm-none-eabi/15.2.1/../../../../arm-none-eabi/lib/thumb/v7-m/nofp\libg_nano.a(libc_a-memset.o)
                0x08007fd0                memset
 .text._close_r
                0x08007fe0       0x20 D:/arm32-none-none-gnueabi-toolchain/arm-gnu-toolchain-15.2.rel1-mingw-w64-x86_64-arm-none-eabi/bin/../lib/gcc/arm-none-eabi/15.2.1/../../../../arm-none-eabi/lib/thumb/v7-m/nofp\libg_nano.a(libc_a-closer.o)
                0x08007fe0                _close_r
 .text._lseek_r
                0x08008000       0x24 D:/arm32-none-none-gnueabi-toolchain/arm-gnu-toolchain-15.2.rel1-mingw-w64-x86_64-arm-none-eabi/bin/../lib/gcc/arm-none-eabi/15.2.1/../../../../arm-none-eabi/lib/thumb/v7-m/nofp\libg_nano.a(libc_a-lseekr.o)
                0x08008000                _lseek_r
 .text._read_r  0x08008024       0x24 D:/arm32-none-none-gnueabi-toolchain/arm-gnu-toolchain-15.2.rel1-mingw-w64-x86_64-arm-none-eabi/bin/../lib/gcc/arm-none-eabi/15.2.1/../../../../arm-none-eabi/lib/thumb/v7-m/nofp\libg_nano.a(libc_a-readr.o)
                0x08008024                _read_r
 .text._sbrk_r  0x08008048       0x20 D:/arm32-none-none-gnueabi-toolchain/arm-gnu-toolchain-15.2.rel1-mingw-w64-x86_64-arm-none-eabi/bin/../lib/gcc/arm-none-eabi/15.2.1/../../../../arm-none-eabi/lib/thumb/v7-m/nofp\libg_nano.a(libc_a-sbrkr.o)
                0x08008048                _sbrk_r
 .text._write_r
                0x08008068       0x24 D:/arm32-none-none-gnueabi-toolchain/arm-gnu-toolchain-15.2.rel1-mingw-w64-x86_64-arm-none-eabi/bin/../lib/gcc/arm-none-eabi/15.2.1/../../../../arm-none-eabi/lib/thumb/v7-m/nofp\libg_nano.a(libc_a-writer.o)
                0x08008068                _write_r
 .text.__errno  0x0800808c        0xc D:/arm32-none-none-gnueabi-toolchain/arm-gnu-toolchain-15.2.rel1-mingw-w64-x86_64-arm-none-eabi/bin/../lib/gcc/arm-none-eabi/15.2.1/../../../../arm-none-eabi/lib/thumb/v7-m/nofp\libg_nano.a(libc_a-errno.o)
                0x0800808c                __errno
 .text.__libc_init_array
                0x08008098       0x48 D:/arm32-none-none-gnueabi-toolchain/arm-gnu-toolchain-15.2.rel1-mingw-w64-x86_64-arm-none-eabi/bin/../lib/gcc/arm-none-eabi/15.2.1/../../../../arm-none-eabi/lib/thumb/v7-m/nofp\libg_nano.a(libc_a-init.o)
                0x08008098                __libc_init_array
 .text.__retarget_lock_init_recursive
                0x080080e0        0x2 D:/arm32-none-none-gnueabi-toolchain/arm-gnu-toolchain-15.2.rel1-mingw-w64-x86_64-arm-none-eabi/bin/../lib/gcc/arm-none-eabi/15.2.1/../../../../arm-none-eabi/lib/thumb/v7-m/nofp\libg_nano.a(libc_a-lock.o)
                0x080080e0                __retarget_lock_init_recursive
 .text.__retarget_lock_acquire_recursive
                0x080080e2        0x2 D:/arm32-none-none-gnueabi-toolchain/arm-gnu-toolchain-15.2.rel1-mingw-w64-x86_64-arm-none-eabi/bin/../lib/gcc/arm-none-eabi/15.2.1/../../../../arm-none-eabi/lib/thumb/v7-m/nofp\libg_nano.a(libc_a-lock.o)
                0x080080e2                __retarget_lock_acquire_recursive
 .text.__retarget_lock_release_recursive
                0x080080e4        0x2 D:/arm32-none-none-gnueabi-toolchain/arm-gnu-toolchain-15.2.rel1-mingw-w64-x86_64-arm-none-eabi/bin/../lib/gcc/arm-none-eabi/15.2.1/../../../../arm-none-eabi/lib/thumb/v7-m/nofp\libg_nano.a(libc_a-lock.o)
                0x080080e4                __retarget_lock_release_recursive
 .text.memcpy   0x080080e6       0x1c D:/arm32-none-none-gnueabi-toolchain/arm-gnu-toolchain-15.2.rel1-mingw-w64-x86_64-arm-none-eabi/bin/../lib/gcc/arm-none-eabi/15.2.1/../../../../arm-none-eabi/lib/thumb/v7-m/nofp\libg_nano.a(libc_a-memcpy-stub.o)
                0x080080e6                memcpy
 *fill*         0x08008102        0x2 
 .text._free_r  0x08008104       0x94 D:/arm32-none-none-gnueabi-toolchain/arm-gnu-toolchain-15.2.rel1-mingw-w64-x86_64-arm-none-eabi/bin/../lib/gcc/arm-none-eabi/15.2.1/../../../../arm-none-eabi/lib/thumb/v7-m/nofp\libg_nano.a(libc_a-freer.o)
                0x08008104                _free_r
 .text.__sfputc_r
                0x08008198       0x2a D:/arm32-none-none-gnueabi-toolchain/arm-gnu-toolchain-15.2.rel1-mingw-w64-x86_64-arm-none-eabi/bin/../lib/gcc/arm-none-eabi/15.2.1/../../../../arm-none-eabi/lib/thumb/v7-m/nofp\libg_nano.a(libc_a-nano-vfprintf.o)
 .text.__sfputs_r
                0x080081c2       0x24 D:/arm32-none-none-gnueabi-toolchain/arm-gnu-toolchain-15.2.rel1-mingw-w64-x86_64-arm-none-eabi/bin/../lib/gcc/arm-none-eabi/15.2.1/../../../../arm-none-eabi/lib/thumb/v7-m/nofp\libg_nano.a(libc_a-nano-vfprintf.o)
                0x080081c2                __sfputs_r
 *fill*         0x080081e6        0x2 
 .text._vfprintf_r
                0x080081e8      0x228 D:/arm32-none-none-gnueabi-toolchain/arm-gnu-toolchain-15.2.rel1-mingw-w64-x86_64-arm-none-eabi/bin/../lib/gcc/arm-none-eabi/15.2.1/../../../../arm-none-eabi/lib/thumb/v7-m/nofp\libg_nano.a(libc_a-nano-vfprintf.o)
                0x080081e8                _vfprintf_r
                0x080081e8                _vfiprintf_r
 .text._printf_common
                0x08008410       0xea D:/arm32-none-none-gnueabi-toolchain/arm-gnu-toolchain-15.2.rel1-mingw-w64-x86_64-arm-none-eabi/bin/../lib/gcc/arm-none-eabi/15.2.1/../../../../arm-none-eabi/lib/thumb/v7-m/nofp\libg_nano.a(libc_a-nano-vfprintf_i.o)
                0x08008410                _printf_common
 *fill*         0x080084fa        0x2 
 .text._printf_i
                0x080084fc      0x254 D:/arm32-none-none-gnueabi-toolchain/arm-gnu-toolchain-15.2.rel1-mingw-w64-x86_64-arm-none-eabi/bin/../lib/gcc/arm-none-eabi/15.2.1/../../../../arm-none-eabi/lib/thumb/v7-m/nofp\libg_nano.a(libc_a-nano-vfprintf_i.o)
                0x080084fc                _printf_i
 .text.__sflush_r
                0x08008750       0xf8 D:/arm32-none-none-gnueabi-toolchain/arm-gnu-toolchain-15.2.rel1-mingw-w64-x86_64-arm-none-eabi/bin/../lib/gcc/arm-none-eabi/15.2.1/../../../../arm-none-eabi/lib/thumb/v7-m/nofp\libg_nano.a(libc_a-fflush.o)
                0x08008750                __sflush_r
 .text._fflush_r
                0x08008848       0x50 D:/arm32-none-none-gnueabi-toolchain/arm-gnu-toolchain-15.2.rel1-mingw-w64-x86_64-arm-none-eabi/bin/../lib/gcc/arm-none-eabi/15.2.1/../../../../arm-none-eabi/lib/thumb/v7-m/nofp\libg_nano.a(libc_a-fflush.o)
                0x08008848                _fflush_r
 .text.__swbuf_r
                0x08008898       0x7a D:/arm32-none-none-gnueabi-toolchain/arm-gnu-toolchain-15.2.rel1-mingw-w64-x86_64-arm-none-eabi/bin/../lib/gcc/arm-none-eabi/15.2.1/../../../../arm-none-eabi/lib/thumb/v7-m/nofp\libg_nano.a(libc_a-wbuf.o)
                0x08008898                __swbuf_r
 *fill*         0x08008912        0x2 
 .text.__swsetup_r
                0x08008914       0xa8 D:/arm32-none-none-gnueabi-toolchain/arm-gnu-toolchain-15.2.rel1-mingw-w64-x86_64-arm-none-eabi/bin/../lib/gcc/arm-none-eabi/15.2.1/../../../../arm-none-eabi/lib/thumb/v7-m/nofp\libg_nano.a(libc_a-wsetup.o)
                0x08008914                __swsetup_r
 .text.memchr   0x080089bc       0x1c D:/arm32-none-none-gnueabi-toolchain/arm-gnu-toolchain-15.2.rel1-mingw-w64-x86_64-arm-none-eabi/bin/../lib/gcc/arm-none-eabi/15.2.1/../../../../arm-none-eabi/lib/thumb/v7-m/nofp\libg_nano.a(libc_a-memchr-stub.o)
                0x080089bc                memchr
 .text.__swhatbuf_r
                0x080089d8       0x48 D:/arm32-none-none-gnueabi-toolchain/arm-gnu-toolchain-15.2.rel1-mingw-w64-x86_64-arm-none-eabi/bin/../lib/gcc/arm-none-eabi/15.2.1/../../../../arm-none-eabi/lib/thumb/v7-m/nofp\libg_nano.a(libc_a-makebuf.o)
                0x080089d8                __swhatbuf_r
 .text.__smakebuf_r
                0x08008a20       0x72 D:/arm32-none-none-gnueabi-toolchain/arm-gnu-toolchain-15.2.rel1-mingw-w64-x86_64-arm-none-eabi/bin/../lib/gcc/arm-none-eabi/15.2.1/../../../../arm-none-eabi/lib/thumb/v7-m/nofp\libg_nano.a(libc_a-makebuf.o)
                0x08008a20                __smakebuf_r
 *fill*         0x08008a92        0x2 
 .text._fstat_r
                0x08008a94       0x24 D:/arm32-none-none-gnueabi-toolchain/arm-gnu-toolchain-15.2.rel1-mingw-w64-x86_64-arm-none-eabi/bin/../lib/gcc/arm-none-eabi/15.2.1/../../../../arm-none-eabi/lib/thumb/v7-m/nofp\libg_nano.a(libc_a-fstatr.o)
                0x08008a94                _fstat_r
 .text._isatty_r
                0x08008ab8       0x20 D:/arm32-none-none-gnueabi-toolchain/arm-gnu-toolchain-15.2.rel1-mingw-w64-x86_64-arm-none-eabi/bin/../lib/gcc/arm-none-eabi/15.2.1/../../../../arm-none-eabi/lib/thumb/v7-m/nofp\libg_nano.a(libc_a-isattyr.o)
                0x08008ab8                _isatty_r
 *(.glue_7)
 .glue_7        0x08008ad8        0x0 linker stubs
 *(.glue_7t)
 .glue_7t       0x08008ad8        0x0 linker stubs
 *(.eh_frame)
 .eh_frame      0x08008ad8        0x0 D:/arm32-none-none-gnueabi-toolchain/arm-gnu-toolchain-15.2.rel1-mingw-w64-x86_64-arm-none-eabi/bin/../lib/gcc/arm-none-eabi/15.2.1/thumb/v7-m/nofp/crtbegin.o
 *(.init)
 .init          0x08008ad8        0x4 D:/arm32-none-none-gnueabi-toolchain/arm-gnu-toolchain-15.2.rel1-mingw-w64-x86_64-arm-none-eabi/bin/../lib/gcc/arm-none-eabi/15.2.1/thumb/v7-m/nofp/crti.o
                0x08008ad8                _init
 .init          0x08008adc        0x8 D:/arm32-none-none-gnueabi-toolchain/arm-gnu-toolchain-15.2.rel1-mingw-w64-x86_64-arm-none-eabi/bin/../lib/gcc/arm-none-eabi/15.2.1/thumb/v7-m/nofp/crtn.o
 *(.fini)
 .fini          0x08008ae4        0x4 D:/arm32-none-none-gnueabi-toolchain/arm-gnu-toolchain-15.2.rel1-mingw-w64-x86_64-arm-none-eabi/bin/../lib/gcc/arm-none-eabi/15.2.1/thumb/v7-m/nofp/crti.o
                0x08008ae4                _fini
 .fini          0x08008ae8        0x8 D:/arm32-none-none-gnueabi-toolchain/arm-gnu-toolchain-15.2.rel1-mingw-w64-x86_64-arm-none-eabi/bin/../lib/gcc/arm-none-eabi/15.2.1/thumb/v7-m/nofp/crtn.o
                0x08008af0                        . = ALIGN (0x4)
                0x08008af0                        _etext = .

.vfp11_veneer   0x08008af0        0x0
 .vfp11_veneer  0x08008af0        0x0 linker stubs

.v4_bx          0x08008af0        0x0
 .v4_bx         0x08008af0        0x0 linker stubs

.iplt           0x08008af0        0x0
 .iplt          0x08008af0        0x0 D:/arm32-none-none-gnueabi-toolchain/arm-gnu-toolchain-15.2.rel1-mingw-w64-x86_64-arm-none-eabi/bin/../lib/gcc/arm-none-eabi/15.2.1/thumb/v7-m/nofp/crtbegin.o

.rodata         0x08008af0      0x28c
                0x08008af0                        . = ALIGN (0x4)
 *(.rodata)
 .rodata        0x08008af0        0x5 CMakeFiles/singal_generate.dir/MiddleWare/FreeRTOS/Src/tasks.c.obj
 *fill*         0x08008af5        0x3 
 .rodata        0x08008af8       0x47 CMakeFiles/singal_generate.dir/Application/Src/App_task.cpp.obj
 *(.rodata*)
 *fill*         0x08008b3f        0x1 
 .rodata.AHBPrescTable
                0x08008b40       0x10 cmake/stm32cubemx/CMakeFiles/STM32_Drivers.dir/__/__/Core/Src/system_stm32f1xx.c.obj
                0x08008b40                AHBPrescTable
 .rodata.APBPrescTable
                0x08008b50        0x8 cmake/stm32cubemx/CMakeFiles/STM32_Drivers.dir/__/__/Core/Src/system_stm32f1xx.c.obj
                0x08008b50                APBPrescTable
 .rodata.aPLLMULFactorTable.1
                0x08008b58       0x10 cmake/stm32cubemx/CMakeFiles/STM32_Drivers.dir/__/__/Drivers/STM32F1xx_HAL_Driver/Src/stm32f1xx_hal_rcc.c.obj
 .rodata.aPredivFactorTable.0
                0x08008b68        0x2 cmake/stm32cubemx/CMakeFiles/STM32_Drivers.dir/__/__/Drivers/STM32F1xx_HAL_Driver/Src/stm32f1xx_hal_rcc.c.obj
 *fill*         0x08008b6a        0x2 
 .rodata.npio2_hw
                0x08008b6c       0x80 D:/arm32-none-none-gnueabi-toolchain/arm-gnu-toolchain-15.2.rel1-mingw-w64-x86_64-arm-none-eabi/bin/../lib/gcc/arm-none-eabi/15.2.1/../../../../arm-none-eabi/lib/thumb/v7-m/nofp\libm.a(libm_a-e_rem_pio2.o)
 .rodata.two_over_pi
                0x08008bec      0x108 D:/arm32-none-none-gnueabi-toolchain/arm-gnu-toolchain-15.2.rel1-mingw-w64-x86_64-arm-none-eabi/bin/../lib/gcc/arm-none-eabi/15.2.1/../../../../arm-none-eabi/lib/thumb/v7-m/nofp\libm.a(libm_a-e_rem_pio2.o)
 *fill*         0x08008cf4        0x4 
 .rodata.PIo2   0x08008cf8       0x40 D:/arm32-none-none-gnueabi-toolchain/arm-gnu-toolchain-15.2.rel1-mingw-w64-x86_64-arm-none-eabi/bin/../lib/gcc/arm-none-eabi/15.2.1/../../../../arm-none-eabi/lib/thumb/v7-m/nofp\libm.a(libm_a-k_rem_pio2.o)
 .rodata.init_jk
                0x08008d38       0x10 D:/arm32-none-none-gnueabi-toolchain/arm-gnu-toolchain-15.2.rel1-mingw-w64-x86_64-arm-none-eabi/bin/../lib/gcc/arm-none-eabi/15.2.1/../../../../arm-none-eabi/lib/thumb/v7-m/nofp\libm.a(libm_a-k_rem_pio2.o)
 .rodata._vfprintf_r.str1.1
                0x08008d48       0x33 D:/arm32-none-none-gnueabi-toolchain/arm-gnu-toolchain-15.2.rel1-mingw-w64-x86_64-arm-none-eabi/bin/../lib/gcc/arm-none-eabi/15.2.1/../../../../arm-none-eabi/lib/thumb/v7-m/nofp\libg_nano.a(libc_a-nano-vfprintf.o)
                                 0x11 (size before relaxing)
 .rodata._printf_i.str1.1
                0x08008d7b        0x0 D:/arm32-none-none-gnueabi-toolchain/arm-gnu-toolchain-15.2.rel1-mingw-w64-x86_64-arm-none-eabi/bin/../lib/gcc/arm-none-eabi/15.2.1/../../../../arm-none-eabi/lib/thumb/v7-m/nofp\libg_nano.a(libc_a-nano-vfprintf_i.o)
                                 0x22 (size before relaxing)
                0x08008d7c                        . = ALIGN (0x4)
 *fill*         0x08008d7b        0x1 

.ARM.extab      0x08008d7c        0x0
                0x08008d7c                        . = ALIGN (0x4)
 *(.ARM.extab* .gnu.linkonce.armextab.*)
                0x08008d7c                        . = ALIGN (0x4)

.ARM            0x08008d7c        0x0
                0x08008d7c                        . = ALIGN (0x4)
                0x08008d7c                        __exidx_start = .
 *(.ARM.exidx*)
                0x08008d7c                        __exidx_end = .
                0x08008d7c                        . = ALIGN (0x4)

.preinit_array  0x08008d7c        0x0
                0x08008d7c                        . = ALIGN (0x4)
                0x08008d7c                        PROVIDE (__preinit_array_start = .)
 *(.preinit_array*)
                0x08008d7c                        PROVIDE (__preinit_array_end = .)
                0x08008d7c                        . = ALIGN (0x4)

.init_array     0x08008d7c        0x4
                0x08008d7c                        . = ALIGN (0x4)
                0x08008d7c                        PROVIDE (__init_array_start = .)
 *(SORT_BY_NAME(.init_array.*))
 *(.init_array*)
 .init_array    0x08008d7c        0x4 D:/arm32-none-none-gnueabi-toolchain/arm-gnu-toolchain-15.2.rel1-mingw-w64-x86_64-arm-none-eabi/bin/../lib/gcc/arm-none-eabi/15.2.1/thumb/v7-m/nofp/crtbegin.o
                0x08008d80                        PROVIDE (__init_array_end = .)
                0x08008d80                        . = ALIGN (0x4)

.fini_array     0x08008d80        0x4
                0x08008d80                        . = ALIGN (0x4)
                [!provide]                        PROVIDE (__fini_array_start = .)
 *(SORT_BY_NAME(.fini_array.*))
 *(.fini_array*)
 .fini_array    0x08008d80        0x4 D:/arm32-none-none-gnueabi-toolchain/arm-gnu-toolchain-15.2.rel1-mingw-w64-x86_64-arm-none-eabi/bin/../lib/gcc/arm-none-eabi/15.2.1/thumb/v7-m/nofp/crtbegin.o
                [!provide]                        PROVIDE (__fini_array_end = .)
                0x08008d84                        . = ALIGN (0x4)
                0x08008d84                        _sidata = LOADADDR (.data)

.rel.dyn        0x08008d84        0x0
 .rel.iplt      0x08008d84        0x0 D:/arm32-none-none-gnueabi-toolchain/arm-gnu-toolchain-15.2.rel1-mingw-w64-x86_64-arm-none-eabi/bin/../lib/gcc/arm-none-eabi/15.2.1/thumb/v7-m/nofp/crtbegin.o

.data           0x20000000       0x8c load address 0x08008d84
                0x20000000                        . = ALIGN (0x4)
                0x20000000                        _sdata = .
 *(.data)
 *(.data*)
 .data.SystemCoreClock
                0x20000000        0x4 cmake/stm32cubemx/CMakeFiles/STM32_Drivers.dir/__/__/Core/Src/system_stm32f1xx.c.obj
                0x20000000                SystemCoreClock
 .data.uwTickPrio
                0x20000004        0x4 cmake/stm32cubemx/CMakeFiles/STM32_Drivers.dir/__/__/Drivers/STM32F1xx_HAL_Driver/Src/stm32f1xx_hal.c.obj
                0x20000004                uwTickPrio
 .data.uwTickFreq
                0x20000008        0x1 cmake/stm32cubemx/CMakeFiles/STM32_Drivers.dir/__/__/Drivers/STM32F1xx_HAL_Driver/Src/stm32f1xx_hal.c.obj
                0x20000008                uwTickFreq
 *fill*         0x20000009        0x3 
 .data.uxCriticalNesting
                0x2000000c        0x4 CMakeFiles/singal_generate.dir/MiddleWare/FreeRTOS/Portable/port.c.obj
 .data._ZL19led_task_stack_size
                0x20000010        0x4 CMakeFiles/singal_generate.dir/Application/Src/App_task.cpp.obj
 .data._ZL17led_task_priority
                0x20000014        0x4 CMakeFiles/singal_generate.dir/Application/Src/App_task.cpp.obj
 .data._ZL20uart_task_stack_size
                0x20000018        0x4 CMakeFiles/singal_generate.dir/Application/Src/App_task.cpp.obj
 .data._ZL18uart_task_priority
                0x2000001c        0x4 CMakeFiles/singal_generate.dir/Application/Src/App_task.cpp.obj
 .data._ZL20oled_task_stack_size
                0x20000020        0x4 CMakeFiles/singal_generate.dir/Application/Src/App_task.cpp.obj
 .data._ZL18oled_task_priority
                0x20000024        0x4 CMakeFiles/singal_generate.dir/Application/Src/App_task.cpp.obj
 .data._ZL21start_task_stack_size
                0x20000028        0x4 CMakeFiles/singal_generate.dir/Application/Src/App_task.cpp.obj
 .data._ZL19start_task_priority
                0x2000002c        0x4 CMakeFiles/singal_generate.dir/Application/Src/App_task.cpp.obj
 .data.__sglue  0x20000030        0xc D:/arm32-none-none-gnueabi-toolchain/arm-gnu-toolchain-15.2.rel1-mingw-w64-x86_64-arm-none-eabi/bin/../lib/gcc/arm-none-eabi/15.2.1/../../../../arm-none-eabi/lib/thumb/v7-m/nofp\libg_nano.a(libc_a-findfp.o)
                0x20000030                __sglue
 .data._impure_ptr
                0x2000003c        0x4 D:/arm32-none-none-gnueabi-toolchain/arm-gnu-toolchain-15.2.rel1-mingw-w64-x86_64-arm-none-eabi/bin/../lib/gcc/arm-none-eabi/15.2.1/../../../../arm-none-eabi/lib/thumb/v7-m/nofp\libg_nano.a(libc_a-impure.o)
                0x2000003c                _impure_ptr
 .data._impure_data
                0x20000040       0x4c D:/arm32-none-none-gnueabi-toolchain/arm-gnu-toolchain-15.2.rel1-mingw-w64-x86_64-arm-none-eabi/bin/../lib/gcc/arm-none-eabi/15.2.1/../../../../arm-none-eabi/lib/thumb/v7-m/nofp\libg_nano.a(libc_a-impure.o)
                0x20000040                _impure_data
 *(.RamFunc)
 *(.RamFunc*)
                0x2000008c                        . = ALIGN (0x4)

.tm_clone_table
                0x2000008c        0x0 load address 0x08008e10
 .tm_clone_table
                0x2000008c        0x0 D:/arm32-none-none-gnueabi-toolchain/arm-gnu-toolchain-15.2.rel1-mingw-w64-x86_64-arm-none-eabi/bin/../lib/gcc/arm-none-eabi/15.2.1/thumb/v7-m/nofp/crtbegin.o
 .tm_clone_table
                0x2000008c        0x0 D:/arm32-none-none-gnueabi-toolchain/arm-gnu-toolchain-15.2.rel1-mingw-w64-x86_64-arm-none-eabi/bin/../lib/gcc/arm-none-eabi/15.2.1/thumb/v7-m/nofp/crtend.o

.igot.plt       0x2000008c        0x0 load address 0x08008e10
 .igot.plt      0x2000008c        0x0 D:/arm32-none-none-gnueabi-toolchain/arm-gnu-toolchain-15.2.rel1-mingw-w64-x86_64-arm-none-eabi/bin/../lib/gcc/arm-none-eabi/15.2.1/thumb/v7-m/nofp/crtbegin.o

.tdata          0x2000008c        0x0 load address 0x08008e10
 *(.tdata .tdata.* .gnu.linkonce.td.*)
                0x2000008c                        . = ALIGN (0x4)
                0x2000008c                        _edata = .
                [!provide]                        PROVIDE (__data_end = .)
                [!provide]                        PROVIDE (__tdata_end = .)
                [!provide]                        PROVIDE (__tdata_start = ADDR (.tdata))
                [!provide]                        PROVIDE (__tdata_size = (__tdata_end - __tdata_start))
                [!provide]                        PROVIDE (__data_start = ADDR (.data))
                [!provide]                        PROVIDE (__data_size = (__data_end - __data_start))
                [!provide]                        PROVIDE (__tdata_source = LOADADDR (.tdata))
                [!provide]                        PROVIDE (__tdata_source_end = (LOADADDR (.tdata) + SIZEOF (.tdata)))
                [!provide]                        PROVIDE (__tdata_source_size = (__tdata_source_end - __tdata_source))
                [!provide]                        PROVIDE (__data_source = LOADADDR (.data))
                [!provide]                        PROVIDE (__data_source_end = __tdata_source_end)
                [!provide]                        PROVIDE (__data_source_size = (__data_source_end - __data_source))

.tbss           0x2000008c        0x0 load address 0x08008e10
                0x2000008c                        _sbss = .
                0x2000008c                        __bss_start__ = _sbss
 *(.tbss .tbss.*)
                0x2000008c                        . = ALIGN (0x4)
                [!provide]                        PROVIDE (__tbss_end = .)
                [!provide]                        PROVIDE (__tbss_start = ADDR (.tbss))
                [!provide]                        PROVIDE (__tbss_size = (__tbss_end - __tbss_start))
                [!provide]                        PROVIDE (__tbss_offset = (ADDR (.tbss) - ADDR (.tdata)))
                [!provide]                        PROVIDE (__tls_base = __tdata_start)
                [!provide]                        PROVIDE (__tls_end = __tbss_end)
                [!provide]                        PROVIDE (__tls_size = (__tls_end - __tls_base))
                [!provide]                        PROVIDE (__tls_align = MAX (ALIGNOF (.tdata), ALIGNOF (.tbss)))
                [!provide]                        PROVIDE (__tls_size_align = (((__tls_size + __tls_align) - 0x1) & ~ ((__tls_align - 0x1))))
                [!provide]                        PROVIDE (__arm32_tls_tcb_offset = MAX (0x8, __tls_align))
                [!provide]                        PROVIDE (__arm64_tls_tcb_offset = MAX (0x10, __tls_align))

.bss            0x2000008c     0x5190 load address 0x08008e10
 *(.bss)
 *(.bss*)
 .bss.completed.1
                0x2000008c        0x1 D:/arm32-none-none-gnueabi-toolchain/arm-gnu-toolchain-15.2.rel1-mingw-w64-x86_64-arm-none-eabi/bin/../lib/gcc/arm-none-eabi/15.2.1/thumb/v7-m/nofp/crtbegin.o
 *fill*         0x2000008d        0x3 
 .bss.object.0  0x20000090       0x18 D:/arm32-none-none-gnueabi-toolchain/arm-gnu-toolchain-15.2.rel1-mingw-w64-x86_64-arm-none-eabi/bin/../lib/gcc/arm-none-eabi/15.2.1/thumb/v7-m/nofp/crtbegin.o
 .bss.uwTick    0x200000a8        0x4 cmake/stm32cubemx/CMakeFiles/STM32_Drivers.dir/__/__/Drivers/STM32F1xx_HAL_Driver/Src/stm32f1xx_hal.c.obj
                0x200000a8                uwTick
 .bss.sine_table
                0x200000ac      0x800 CMakeFiles/singal_generate.dir/Core/Src/main.c.obj
 .bss.adc_buf   0x200008ac      0x100 CMakeFiles/singal_generate.dir/Core/Src/main.c.obj
                0x200008ac                adc_buf
 .bss.hadc1     0x200009ac       0x30 CMakeFiles/singal_generate.dir/Core/Src/adc.c.obj
                0x200009ac                hadc1
 .bss.hdma_adc1
                0x200009dc       0x44 CMakeFiles/singal_generate.dir/Core/Src/adc.c.obj
                0x200009dc                hdma_adc1
 .bss.hdac      0x20000a20       0x14 CMakeFiles/singal_generate.dir/Core/Src/dac.c.obj
                0x20000a20                hdac
 .bss.hdma_dac_ch1
                0x20000a34       0x44 CMakeFiles/singal_generate.dir/Core/Src/dac.c.obj
                0x20000a34                hdma_dac_ch1
 .bss.htim2     0x20000a78       0x48 CMakeFiles/singal_generate.dir/Core/Src/tim.c.obj
                0x20000a78                htim2
 .bss.htim3     0x20000ac0       0x48 CMakeFiles/singal_generate.dir/Core/Src/tim.c.obj
                0x20000ac0                htim3
 .bss.huart1    0x20000b08       0x48 CMakeFiles/singal_generate.dir/Core/Src/usart.c.obj
                0x20000b08                huart1
 .bss.htim7     0x20000b50       0x48 CMakeFiles/singal_generate.dir/Core/Src/stm32f1xx_hal_timebase_tim.c.obj
                0x20000b50                htim7
 .bss.__sbrk_heap_end
                0x20000b98        0x4 CMakeFiles/singal_generate.dir/Core/Src/sysmem.c.obj
 .bss.pxCurrentTCB
                0x20000b9c        0x4 CMakeFiles/singal_generate.dir/MiddleWare/FreeRTOS/Src/tasks.c.obj
                0x20000b9c                pxCurrentTCB
 .bss.pxReadyTasksLists
                0x20000ba0       0x64 CMakeFiles/singal_generate.dir/MiddleWare/FreeRTOS/Src/tasks.c.obj
 .bss.xDelayedTaskList1
                0x20000c04       0x14 CMakeFiles/singal_generate.dir/MiddleWare/FreeRTOS/Src/tasks.c.obj
 .bss.xDelayedTaskList2
                0x20000c18       0x14 CMakeFiles/singal_generate.dir/MiddleWare/FreeRTOS/Src/tasks.c.obj
 .bss.pxDelayedTaskList
                0x20000c2c        0x4 CMakeFiles/singal_generate.dir/MiddleWare/FreeRTOS/Src/tasks.c.obj
 .bss.pxOverflowDelayedTaskList
                0x20000c30        0x4 CMakeFiles/singal_generate.dir/MiddleWare/FreeRTOS/Src/tasks.c.obj
 .bss.xPendingReadyList
                0x20000c34       0x14 CMakeFiles/singal_generate.dir/MiddleWare/FreeRTOS/Src/tasks.c.obj
 .bss.xTasksWaitingTermination
                0x20000c48       0x14 CMakeFiles/singal_generate.dir/MiddleWare/FreeRTOS/Src/tasks.c.obj
 .bss.uxDeletedTasksWaitingCleanUp
                0x20000c5c        0x4 CMakeFiles/singal_generate.dir/MiddleWare/FreeRTOS/Src/tasks.c.obj
 .bss.xSuspendedTaskList
                0x20000c60       0x14 CMakeFiles/singal_generate.dir/MiddleWare/FreeRTOS/Src/tasks.c.obj
 .bss.uxCurrentNumberOfTasks
                0x20000c74        0x4 CMakeFiles/singal_generate.dir/MiddleWare/FreeRTOS/Src/tasks.c.obj
 .bss.xTickCount
                0x20000c78        0x4 CMakeFiles/singal_generate.dir/MiddleWare/FreeRTOS/Src/tasks.c.obj
 .bss.uxTopReadyPriority
                0x20000c7c        0x4 CMakeFiles/singal_generate.dir/MiddleWare/FreeRTOS/Src/tasks.c.obj
 .bss.xSchedulerRunning
                0x20000c80        0x4 CMakeFiles/singal_generate.dir/MiddleWare/FreeRTOS/Src/tasks.c.obj
 .bss.xPendedTicks
                0x20000c84        0x4 CMakeFiles/singal_generate.dir/MiddleWare/FreeRTOS/Src/tasks.c.obj
 .bss.xYieldPending
                0x20000c88        0x4 CMakeFiles/singal_generate.dir/MiddleWare/FreeRTOS/Src/tasks.c.obj
 .bss.xNumOfOverflows
                0x20000c8c        0x4 CMakeFiles/singal_generate.dir/MiddleWare/FreeRTOS/Src/tasks.c.obj
 .bss.uxTaskNumber
                0x20000c90        0x4 CMakeFiles/singal_generate.dir/MiddleWare/FreeRTOS/Src/tasks.c.obj
 .bss.xNextTaskUnblockTime
                0x20000c94        0x4 CMakeFiles/singal_generate.dir/MiddleWare/FreeRTOS/Src/tasks.c.obj
 .bss.xIdleTaskHandle
                0x20000c98        0x4 CMakeFiles/singal_generate.dir/MiddleWare/FreeRTOS/Src/tasks.c.obj
 .bss.uxSchedulerSuspended
                0x20000c9c        0x4 CMakeFiles/singal_generate.dir/MiddleWare/FreeRTOS/Src/tasks.c.obj
 .bss.ucHeap    0x20000ca0     0x4400 CMakeFiles/singal_generate.dir/MiddleWare/FreeRTOS/Portable/heap_4.c.obj
 .bss.xStart    0x200050a0        0x8 CMakeFiles/singal_generate.dir/MiddleWare/FreeRTOS/Portable/heap_4.c.obj
 .bss.pxEnd     0x200050a8        0x4 CMakeFiles/singal_generate.dir/MiddleWare/FreeRTOS/Portable/heap_4.c.obj
 .bss.xFreeBytesRemaining
                0x200050ac        0x4 CMakeFiles/singal_generate.dir/MiddleWare/FreeRTOS/Portable/heap_4.c.obj
 .bss.xMinimumEverFreeBytesRemaining
                0x200050b0        0x4 CMakeFiles/singal_generate.dir/MiddleWare/FreeRTOS/Portable/heap_4.c.obj
 .bss.xNumberOfSuccessfulAllocations
                0x200050b4        0x4 CMakeFiles/singal_generate.dir/MiddleWare/FreeRTOS/Portable/heap_4.c.obj
 .bss.xNumberOfSuccessfulFrees
                0x200050b8        0x4 CMakeFiles/singal_generate.dir/MiddleWare/FreeRTOS/Portable/heap_4.c.obj
 .bss.xBlockAllocatedBit
                0x200050bc        0x4 CMakeFiles/singal_generate.dir/MiddleWare/FreeRTOS/Portable/heap_4.c.obj
 .bss._ZL15led_task_handle
                0x200050c0        0x4 CMakeFiles/singal_generate.dir/Application/Src/App_task.cpp.obj
 .bss._ZL16uart_task_handle
                0x200050c4        0x4 CMakeFiles/singal_generate.dir/Application/Src/App_task.cpp.obj
 .bss._ZL16oled_task_handle
                0x200050c8        0x4 CMakeFiles/singal_generate.dir/Application/Src/App_task.cpp.obj
 .bss._ZL17start_task_handle
                0x200050cc        0x4 CMakeFiles/singal_generate.dir/Application/Src/App_task.cpp.obj
 .bss.__malloc_sbrk_start
                0x200050d0        0x4 D:/arm32-none-none-gnueabi-toolchain/arm-gnu-toolchain-15.2.rel1-mingw-w64-x86_64-arm-none-eabi/bin/../lib/gcc/arm-none-eabi/15.2.1/../../../../arm-none-eabi/lib/thumb/v7-m/nofp\libg_nano.a(libc_a-mallocr.o)
                0x200050d0                __malloc_sbrk_start
 .bss.__malloc_free_list
                0x200050d4        0x4 D:/arm32-none-none-gnueabi-toolchain/arm-gnu-toolchain-15.2.rel1-mingw-w64-x86_64-arm-none-eabi/bin/../lib/gcc/arm-none-eabi/15.2.1/../../../../arm-none-eabi/lib/thumb/v7-m/nofp\libg_nano.a(libc_a-mallocr.o)
                0x200050d4                __malloc_free_list
 .bss.__sf      0x200050d8      0x138 D:/arm32-none-none-gnueabi-toolchain/arm-gnu-toolchain-15.2.rel1-mingw-w64-x86_64-arm-none-eabi/bin/../lib/gcc/arm-none-eabi/15.2.1/../../../../arm-none-eabi/lib/thumb/v7-m/nofp\libg_nano.a(libc_a-findfp.o)
                0x200050d8                __sf
 .bss.__stdio_exit_handler
                0x20005210        0x4 D:/arm32-none-none-gnueabi-toolchain/arm-gnu-toolchain-15.2.rel1-mingw-w64-x86_64-arm-none-eabi/bin/../lib/gcc/arm-none-eabi/15.2.1/../../../../arm-none-eabi/lib/thumb/v7-m/nofp\libg_nano.a(libc_a-findfp.o)
                0x20005210                __stdio_exit_handler
 .bss.errno     0x20005214        0x4 D:/arm32-none-none-gnueabi-toolchain/arm-gnu-toolchain-15.2.rel1-mingw-w64-x86_64-arm-none-eabi/bin/../lib/gcc/arm-none-eabi/15.2.1/../../../../arm-none-eabi/lib/thumb/v7-m/nofp\libg_nano.a(libc_a-reent.o)
                0x20005214                errno
 .bss.__lock___malloc_recursive_mutex
                0x20005218        0x1 D:/arm32-none-none-gnueabi-toolchain/arm-gnu-toolchain-15.2.rel1-mingw-w64-x86_64-arm-none-eabi/bin/../lib/gcc/arm-none-eabi/15.2.1/../../../../arm-none-eabi/lib/thumb/v7-m/nofp\libg_nano.a(libc_a-lock.o)
                0x20005218                __lock___malloc_recursive_mutex
 .bss.__lock___sfp_recursive_mutex
                0x20005219        0x1 D:/arm32-none-none-gnueabi-toolchain/arm-gnu-toolchain-15.2.rel1-mingw-w64-x86_64-arm-none-eabi/bin/../lib/gcc/arm-none-eabi/15.2.1/../../../../arm-none-eabi/lib/thumb/v7-m/nofp\libg_nano.a(libc_a-lock.o)
                0x20005219                __lock___sfp_recursive_mutex
 *(COMMON)
                0x2000521c                        . = ALIGN (0x4)
 *fill*         0x2000521a        0x2 
                0x2000521c                        _ebss = .
                0x2000521c                        __bss_end__ = _ebss
                [!provide]                        PROVIDE (__bss_end = .)
                [!provide]                        PROVIDE (__non_tls_bss_start = ADDR (.bss))
                [!provide]                        PROVIDE (__bss_start = __tbss_start)
                [!provide]                        PROVIDE (__bss_size = (__bss_end - __bss_start))

._user_heap_stack
                0x2000521c      0x604 load address 0x08008e10
                0x20005220                        . = ALIGN (0x8)
 *fill*         0x2000521c        0x4 
                [!provide]                        PROVIDE (end = .)
                0x20005220                        PROVIDE (_end = .)
                0x20005420                        . = (. + _Min_Heap_Size)
 *fill*         0x20005220      0x200 
                0x20005820                        . = (. + _Min_Stack_Size)
 *fill*         0x20005420      0x400 
                0x20005820                        . = ALIGN (0x8)

/DISCARD/
 libc.a:*(*)