D:/MCU/stm32/stm32_practise/CMake_HAL/singal_generate/Core/Src/syscalls.c:39:5:__io_putchar	16	static
D:/MCU/stm32/stm32_practise/CMake_HAL/singal_generate/Core/Src/syscalls.c:51:6:initialise_monitor_handles	4	static
D:/MCU/stm32/stm32_practise/CMake_HAL/singal_generate/Core/Src/syscalls.c:55:5:_getpid	4	static
D:/MCU/stm32/stm32_practise/CMake_HAL/singal_generate/Core/Src/syscalls.c:60:5:_kill	16	static
D:/MCU/stm32/stm32_practise/CMake_HAL/singal_generate/Core/Src/syscalls.c:68:6:_exit	16	static
D:/MCU/stm32/stm32_practise/CMake_HAL/singal_generate/Core/Src/syscalls.c:74:27:_read	32	static
D:/MCU/stm32/stm32_practise/CMake_HAL/singal_generate/Core/Src/syscalls.c:87:27:_write	32	static
D:/MCU/stm32/stm32_practise/CMake_HAL/singal_generate/Core/Src/syscalls.c:99:5:_close	16	static
D:/MCU/stm32/stm32_practise/CMake_HAL/singal_generate/Core/Src/syscalls.c:106:5:_fstat	16	static
D:/MCU/stm32/stm32_practise/CMake_HAL/singal_generate/Core/Src/syscalls.c:113:5:_isatty	16	static
D:/MCU/stm32/stm32_practise/CMake_HAL/singal_generate/Core/Src/syscalls.c:119:5:_lseek	24	static
D:/MCU/stm32/stm32_practise/CMake_HAL/singal_generate/Core/Src/syscalls.c:127:5:_open	12	static
D:/MCU/stm32/stm32_practise/CMake_HAL/singal_generate/Core/Src/syscalls.c:135:5:_wait	16	static
D:/MCU/stm32/stm32_practise/CMake_HAL/singal_generate/Core/Src/syscalls.c:142:5:_unlink	16	static
D:/MCU/stm32/stm32_practise/CMake_HAL/singal_generate/Core/Src/syscalls.c:149:9:_times	16	static
D:/MCU/stm32/stm32_practise/CMake_HAL/singal_generate/Core/Src/syscalls.c:155:5:_stat	16	static
D:/MCU/stm32/stm32_practise/CMake_HAL/singal_generate/Core/Src/syscalls.c:162:5:_link	16	static
D:/MCU/stm32/stm32_practise/CMake_HAL/singal_generate/Core/Src/syscalls.c:170:5:_fork	8	static
D:/MCU/stm32/stm32_practise/CMake_HAL/singal_generate/Core/Src/syscalls.c:176:5:_execve	24	static
